[INFO] Using device: cuda
[INFO] Loading HDF5 jet dataset from ../data/jet-images_Mass60-100_pT250-300_R1.25_Pix25.hdf5
Keys: ['image', 'jet_delta_R', 'jet_eta', 'jet_mass', 'jet_phi', 'jet_pt', 'signal', 'tau_1', 'tau_2', 'tau_21', 'tau_3', 'tau_32']
Image shape: (872666, 25, 25)
[INFO] Loading datasets from datasets.pt
[INFO] Number of samples: 8726
Image shape: torch.Size([8726, 16, 16])
Feature shape: torch.Size([8726, 9])
[INFO] Initializing model: classical
[INFO] Starting training…
Device: cuda
Starting training on device: cuda
[Epoch 1/5] [Avg D loss: 0.1472] [Avg G loss: 1.5142]

========== EPOCH STAT BREAKDOWN ==========
Avg validity_loss   : 0.4923
Avg stat_loss       : 0.0204
  avg_dR_mean       : 0.0064
  avg_dR_std        : 0.0109
  avg_pix_mean      : 0.0012
  avg_pix_std       : 0.0019
Avg nnz_loss        : 1.0015

------- Final Batch (weighted into g_loss) -------
α = 0.15 ; β = 0.035 ; χ = 3e-05
Last batch validity_loss: 0.0522
Last batch stat_loss:     0.0003
  dR_mean:   0.0029
  dR_std:    0.0053
  pix_mean:  0.0004
  pix_std:   0.0011
Last batch nnz_loss:      0.0000
Total g_loss = 0.5752
=========================================

[Epoch 2/5] [Avg D loss: 0.1711] [Avg G loss: 0.5298]

========== EPOCH STAT BREAKDOWN ==========
Avg validity_loss   : 0.4481
Avg stat_loss       : 0.0109
  avg_dR_mean       : 0.0058
  avg_dR_std        : 0.0034
  avg_pix_mean      : 0.0010
  avg_pix_std       : 0.0007
Avg nnz_loss        : 0.0709

------- Final Batch (weighted into g_loss) -------
α = 0.15 ; β = 0.035 ; χ = 3e-05
Last batch validity_loss: 0.0935
Last batch stat_loss:     0.0004
  dR_mean:   0.0072
  dR_std:    0.0024
  pix_mean:  0.0016
  pix_std:   0.0005
Last batch nnz_loss:      0.0000
Total g_loss = 0.6654
=========================================

[Epoch 3/5] [Avg D loss: 0.2072] [Avg G loss: 0.5756]

========== EPOCH STAT BREAKDOWN ==========
Avg validity_loss   : 0.5117
Avg stat_loss       : 0.0146
  avg_dR_mean       : 0.0076
  avg_dR_std        : 0.0030
  avg_pix_mean      : 0.0018
  avg_pix_std       : 0.0023
Avg nnz_loss        : 0.0493

------- Final Batch (weighted into g_loss) -------
α = 0.15 ; β = 0.035 ; χ = 3e-05
Last batch validity_loss: 0.0926
Last batch stat_loss:     0.0007
  dR_mean:   0.0078
  dR_std:    0.0045
  pix_mean:  0.0019
  pix_std:   0.0049
Last batch nnz_loss:      0.0000
Total g_loss = 0.6673
=========================================

[Epoch 4/5] [Avg D loss: 0.1673] [Avg G loss: 0.7066]

========== EPOCH STAT BREAKDOWN ==========
Avg validity_loss   : 0.6670
Avg stat_loss       : 0.0212
  avg_dR_mean       : 0.0081
  avg_dR_std        : 0.0050
  avg_pix_mean      : 0.0025
  avg_pix_std       : 0.0055
Avg nnz_loss        : 0.0184

------- Final Batch (weighted into g_loss) -------
α = 0.15 ; β = 0.035 ; χ = 3e-05
Last batch validity_loss: 0.0903
Last batch stat_loss:     0.0008
  dR_mean:   0.0083
  dR_std:    0.0055
  pix_mean:  0.0031
  pix_std:   0.0060
Last batch nnz_loss:      0.0000
Total g_loss = 0.6357
=========================================

[Epoch 5/5] [Avg D loss: 0.1522] [Avg G loss: 0.8018]

========== EPOCH STAT BREAKDOWN ==========
Avg validity_loss   : 0.7663
Avg stat_loss       : 0.0251
  avg_dR_mean       : 0.0085
  avg_dR_std        : 0.0060
  avg_pix_mean      : 0.0040
  avg_pix_std       : 0.0065
Avg nnz_loss        : 0.0104

------- Final Batch (weighted into g_loss) -------
α = 0.15 ; β = 0.035 ; χ = 3e-05
Last batch validity_loss: 0.1343
Last batch stat_loss:     0.0009
  dR_mean:   0.0088
  dR_std:    0.0064
  pix_mean:  0.0049
  pix_std:   0.0069
Last batch nnz_loss:      0.0000
Total g_loss = 0.9319
=========================================

[INFO] Evaluating model…
Running KDE-based diagnostics...
[INFO] Saving final model…
Saved checkpoint to models/1129_2239.pt
[INFO] Done.
