ClassGan ; No NNZ ; Flip
<KeysViewHDF5 ['image', 'jet_delta_R', 'jet_eta', 'jet_mass', 'jet_phi', 'jet_pt', 'signal', 'tau_1', 'tau_2', 'tau_21', 'tau_3', 'tau_32']>
(872666, 25, 25)
Image shape: torch.Size([872666, 16, 16])
dR Mean: torch.Size([872666])
dR STD: torch.Size([872666])
Pixel Mean: torch.Size([872666])
Pixel STD: torch.Size([872666])
ΔR min: 0.0
ΔR max: 2.4713454246520996
ΔR mean min: 0.003572926390916109
ΔR mean max: 0.015763528645038605
ΔR std min: 0.017520317807793617
ΔR std max: 0.16022197902202606
Weights (pixel intensity) min: 0.0
Weights (pixel intensity) max: 1.0
Pixel mean min: 0.0028264394495636225
Pixel mean max: 0.004322932101786137
Pixel std min: 0.008012386038899422
Pixel std max: 0.06249340996146202
Number of samples: 872666
Image shape: torch.Size([872666, 16, 16])
Feature shape: torch.Size([872666, 9])
✅ Saved new best generator (epoch 1, g_loss=2.5811)
✅ Saved new best discriminator (epoch 1, d_loss=0.6865)
[Epoch 1/300] [D loss: 0.6865] [G loss: 2.5811] [Validity_loss: 0.3267] 
 [Stat_loss: 2.2544] [NNZ_loss: 0.4708]
Model and statistics saved to models/temp_gan_300.pt
✅ Saved new best discriminator (epoch 2, d_loss=0.6758)
[Epoch 2/300] [D loss: 0.6758] [G loss: 4.1911] [Validity_loss: 0.3340] 
 [Stat_loss: 3.8572] [NNZ_loss: 0.5275]
[Epoch 3/300] [D loss: 0.6788] [G loss: 4.0306] [Validity_loss: 0.3391] 
 [Stat_loss: 3.6916] [NNZ_loss: 1.0011]
✅ Saved new best discriminator (epoch 4, d_loss=0.6718)
[Epoch 4/300] [D loss: 0.6718] [G loss: 8.3938] [Validity_loss: 0.3499] 
 [Stat_loss: 8.0439] [NNZ_loss: 0.4795]
✅ Saved new best discriminator (epoch 5, d_loss=0.6598)
[Epoch 5/300] [D loss: 0.6598] [G loss: 3.7419] [Validity_loss: 0.3520] 
 [Stat_loss: 3.3899] [NNZ_loss: 1.7685]
✅ Saved new best discriminator (epoch 6, d_loss=0.4996)
[Epoch 6/300] [D loss: 0.4996] [G loss: 3.2640] [Validity_loss: 0.6435] 
 [Stat_loss: 2.6205] [NNZ_loss: 0.2570]
✅ Saved new best generator (epoch 7, g_loss=1.5012)
[Epoch 7/300] [D loss: 0.6535] [G loss: 1.5012] [Validity_loss: 0.3292] 
 [Stat_loss: 1.1720] [NNZ_loss: 0.7402]
✅ Saved new best generator (epoch 8, g_loss=1.1695)
[Epoch 8/300] [D loss: 0.6877] [G loss: 1.1695] [Validity_loss: 0.3341] 
 [Stat_loss: 0.8354] [NNZ_loss: 0.3423]
[Epoch 9/300] [D loss: 1.2120] [G loss: 2.1845] [Validity_loss: 0.5547] 
 [Stat_loss: 1.6297] [NNZ_loss: 0.2753]
[Epoch 10/300] [D loss: 0.5595] [G loss: 1.4170] [Validity_loss: 0.3516] 
 [Stat_loss: 1.0654] [NNZ_loss: 0.3195]
[Epoch 11/300] [D loss: 0.5201] [G loss: 1.3972] [Validity_loss: 0.4867] 
 [Stat_loss: 0.9105] [NNZ_loss: 0.4684]
Model and statistics saved to models/temp_gan_300.pt
[Epoch 12/300] [D loss: 0.5665] [G loss: 1.2059] [Validity_loss: 0.5235] 
 [Stat_loss: 0.6825] [NNZ_loss: 0.2796]
[Epoch 13/300] [D loss: 0.6394] [G loss: 1.8164] [Validity_loss: 0.4358] 
 [Stat_loss: 1.3806] [NNZ_loss: 0.3529]
[Epoch 14/300] [D loss: 0.6520] [G loss: 1.9963] [Validity_loss: 0.6976] 
 [Stat_loss: 1.2987] [NNZ_loss: 0.3118]
✅ Saved new best discriminator (epoch 15, d_loss=0.4575)
[Epoch 15/300] [D loss: 0.4575] [G loss: 1.2433] [Validity_loss: 0.5846] 
 [Stat_loss: 0.6587] [NNZ_loss: 0.2758]
[Epoch 16/300] [D loss: 0.4825] [G loss: 2.0296] [Validity_loss: 0.6600] 
 [Stat_loss: 1.3696] [NNZ_loss: 0.4906]
✅ Saved new best discriminator (epoch 17, d_loss=0.3104)
[Epoch 17/300] [D loss: 0.3104] [G loss: 2.1587] [Validity_loss: 0.6102] 
 [Stat_loss: 1.5485] [NNZ_loss: 0.2506]
[Epoch 18/300] [D loss: 0.5622] [G loss: 2.8682] [Validity_loss: 0.6535] 
 [Stat_loss: 2.2147] [NNZ_loss: 0.2751]
[Epoch 19/300] [D loss: 0.4372] [G loss: 1.2486] [Validity_loss: 0.5989] 
 [Stat_loss: 0.6497] [NNZ_loss: 0.2330]
[Epoch 20/300] [D loss: 0.4735] [G loss: 1.2351] [Validity_loss: 0.5317] 
 [Stat_loss: 0.7034] [NNZ_loss: 0.1999]
[Epoch 21/300] [D loss: 0.3785] [G loss: 1.4069] [Validity_loss: 0.6916] 
 [Stat_loss: 0.7153] [NNZ_loss: 0.3412]
Model and statistics saved to models/temp_gan_300.pt
[Epoch 22/300] [D loss: 0.4476] [G loss: 1.7024] [Validity_loss: 0.7755] 
 [Stat_loss: 0.9269] [NNZ_loss: 0.2954]
[Epoch 23/300] [D loss: 0.4570] [G loss: 1.2821] [Validity_loss: 0.5917] 
 [Stat_loss: 0.6904] [NNZ_loss: 0.3181]
[Epoch 24/300] [D loss: 0.4782] [G loss: 1.5770] [Validity_loss: 0.6586] 
 [Stat_loss: 0.9184] [NNZ_loss: 0.5061]
[Epoch 25/300] [D loss: 0.4159] [G loss: 1.5188] [Validity_loss: 0.6146] 
 [Stat_loss: 0.9042] [NNZ_loss: 0.2475]
[Epoch 26/300] [D loss: 0.5261] [G loss: 1.3404] [Validity_loss: 0.5571] 
 [Stat_loss: 0.7833] [NNZ_loss: 0.3612]
[Epoch 27/300] [D loss: 0.3546] [G loss: 1.3665] [Validity_loss: 0.7688] 
 [Stat_loss: 0.5978] [NNZ_loss: 0.2192]
[Epoch 28/300] [D loss: 0.4026] [G loss: 1.3805] [Validity_loss: 0.5441] 
 [Stat_loss: 0.8364] [NNZ_loss: 0.2975]
[Epoch 29/300] [D loss: 0.3857] [G loss: 2.3783] [Validity_loss: 0.6760] 
 [Stat_loss: 1.7023] [NNZ_loss: 0.2616]
✅ Saved new best discriminator (epoch 30, d_loss=0.2785)
[Epoch 30/300] [D loss: 0.2785] [G loss: 1.6382] [Validity_loss: 0.7889] 
 [Stat_loss: 0.8493] [NNZ_loss: 0.3535]
[Epoch 31/300] [D loss: 0.5635] [G loss: 1.7301] [Validity_loss: 0.6378] 
 [Stat_loss: 1.0922] [NNZ_loss: 0.4561]
Model and statistics saved to models/temp_gan_300.pt
✅ Saved new best generator (epoch 32, g_loss=1.0443)
[Epoch 32/300] [D loss: 0.6238] [G loss: 1.0443] [Validity_loss: 0.4379] 
 [Stat_loss: 0.6064] [NNZ_loss: 0.2505]
[Epoch 33/300] [D loss: 0.4597] [G loss: 1.6967] [Validity_loss: 0.5473] 
 [Stat_loss: 1.1493] [NNZ_loss: 0.2668]
[Epoch 34/300] [D loss: 0.6215] [G loss: 1.1246] [Validity_loss: 0.4809] 
 [Stat_loss: 0.6437] [NNZ_loss: 0.2902]
[Epoch 35/300] [D loss: 0.5074] [G loss: 1.8766] [Validity_loss: 0.5441] 
 [Stat_loss: 1.3325] [NNZ_loss: 0.7543]
[Epoch 36/300] [D loss: 0.5919] [G loss: 1.0522] [Validity_loss: 0.4517] 
 [Stat_loss: 0.6005] [NNZ_loss: 0.3472]
[Epoch 37/300] [D loss: 0.6112] [G loss: 1.1227] [Validity_loss: 0.4899] 
 [Stat_loss: 0.6328] [NNZ_loss: 0.3856]
[Epoch 38/300] [D loss: 0.5435] [G loss: 1.1885] [Validity_loss: 0.5173] 
 [Stat_loss: 0.6711] [NNZ_loss: 0.3288]
[Epoch 39/300] [D loss: 0.5465] [G loss: 1.1722] [Validity_loss: 0.5185] 
 [Stat_loss: 0.6537] [NNZ_loss: 0.3130]
[Epoch 40/300] [D loss: 0.5689] [G loss: 1.1347] [Validity_loss: 0.4801] 
 [Stat_loss: 0.6546] [NNZ_loss: 0.3124]
[Epoch 41/300] [D loss: 0.6011] [G loss: 1.1242] [Validity_loss: 0.4923] 
 [Stat_loss: 0.6319] [NNZ_loss: 0.2998]
Model and statistics saved to models/temp_gan_300.pt
[Epoch 42/300] [D loss: 0.5512] [G loss: 1.2211] [Validity_loss: 0.5238] 
 [Stat_loss: 0.6973] [NNZ_loss: 0.2605]
[Epoch 43/300] [D loss: 0.5830] [G loss: 1.1913] [Validity_loss: 0.5232] 
 [Stat_loss: 0.6680] [NNZ_loss: 0.3249]
[Epoch 44/300] [D loss: 0.5204] [G loss: 1.1787] [Validity_loss: 0.5214] 
 [Stat_loss: 0.6573] [NNZ_loss: 0.3423]
[Epoch 45/300] [D loss: 0.5638] [G loss: 1.1505] [Validity_loss: 0.5074] 
 [Stat_loss: 0.6431] [NNZ_loss: 0.3132]
[Epoch 46/300] [D loss: 0.5690] [G loss: 1.1703] [Validity_loss: 0.5092] 
 [Stat_loss: 0.6611] [NNZ_loss: 0.3539]
[Epoch 47/300] [D loss: 0.5652] [G loss: 1.1669] [Validity_loss: 0.4977] 
 [Stat_loss: 0.6691] [NNZ_loss: 0.3533]
[Epoch 48/300] [D loss: 0.5701] [G loss: 1.1338] [Validity_loss: 0.4710] 
 [Stat_loss: 0.6627] [NNZ_loss: 0.3598]
[Epoch 49/300] [D loss: 0.5723] [G loss: 1.1326] [Validity_loss: 0.4727] 
 [Stat_loss: 0.6599] [NNZ_loss: 0.2720]
[Epoch 50/300] [D loss: 0.5564] [G loss: 1.1883] [Validity_loss: 0.5080] 
 [Stat_loss: 0.6803] [NNZ_loss: 0.3605]
[Epoch 51/300] [D loss: 0.5746] [G loss: 1.2069] [Validity_loss: 0.5299] 
 [Stat_loss: 0.6770] [NNZ_loss: 0.3717]
Model and statistics saved to models/temp_gan_300.pt
[Epoch 52/300] [D loss: 0.5480] [G loss: 1.1058] [Validity_loss: 0.4497] 
 [Stat_loss: 0.6561] [NNZ_loss: 0.3547]
[Epoch 53/300] [D loss: 0.6053] [G loss: 1.1827] [Validity_loss: 0.5272] 
 [Stat_loss: 0.6556] [NNZ_loss: 0.3886]
[Epoch 54/300] [D loss: 0.6276] [G loss: 1.1580] [Validity_loss: 0.5066] 
 [Stat_loss: 0.6514] [NNZ_loss: 0.3527]
[Epoch 55/300] [D loss: 0.5743] [G loss: 1.1592] [Validity_loss: 0.4558] 
 [Stat_loss: 0.7034] [NNZ_loss: 0.3213]
[Epoch 56/300] [D loss: 0.5935] [G loss: 1.1642] [Validity_loss: 0.4500] 
 [Stat_loss: 0.7142] [NNZ_loss: 0.2820]
[Epoch 57/300] [D loss: 0.5849] [G loss: 1.1799] [Validity_loss: 0.4838] 
 [Stat_loss: 0.6961] [NNZ_loss: 0.3274]
[Epoch 58/300] [D loss: 0.6303] [G loss: 1.1584] [Validity_loss: 0.4586] 
 [Stat_loss: 0.6998] [NNZ_loss: 0.4427]
[Epoch 59/300] [D loss: 0.6053] [G loss: 1.1588] [Validity_loss: 0.4722] 
 [Stat_loss: 0.6866] [NNZ_loss: 0.4104]
[Epoch 60/300] [D loss: 0.5909] [G loss: 1.1010] [Validity_loss: 0.4443] 
 [Stat_loss: 0.6567] [NNZ_loss: 0.3592]
[Epoch 61/300] [D loss: 0.6053] [G loss: 1.1616] [Validity_loss: 0.4896] 
 [Stat_loss: 0.6720] [NNZ_loss: 0.3145]
Model and statistics saved to models/temp_gan_300.pt
[Epoch 62/300] [D loss: 0.5968] [G loss: 1.1544] [Validity_loss: 0.4955] 
 [Stat_loss: 0.6589] [NNZ_loss: 0.3320]
[Epoch 63/300] [D loss: 0.6137] [G loss: 1.1295] [Validity_loss: 0.4112] 
 [Stat_loss: 0.7183] [NNZ_loss: 0.3215]
[Epoch 64/300] [D loss: 0.5553] [G loss: 1.2092] [Validity_loss: 0.5134] 
 [Stat_loss: 0.6959] [NNZ_loss: 0.2805]
[Epoch 65/300] [D loss: 0.6240] [G loss: 1.2209] [Validity_loss: 0.4771] 
 [Stat_loss: 0.7438] [NNZ_loss: 0.3266]
[Epoch 66/300] [D loss: 0.6003] [G loss: 1.2412] [Validity_loss: 0.4695] 
 [Stat_loss: 0.7718] [NNZ_loss: 0.4459]
[Epoch 67/300] [D loss: 0.5781] [G loss: 1.1571] [Validity_loss: 0.4948] 
 [Stat_loss: 0.6624] [NNZ_loss: 0.2540]
[Epoch 68/300] [D loss: 0.6788] [G loss: 1.1026] [Validity_loss: 0.4289] 
 [Stat_loss: 0.6737] [NNZ_loss: 0.2489]
[Epoch 69/300] [D loss: 0.6200] [G loss: 1.1781] [Validity_loss: 0.4473] 
 [Stat_loss: 0.7308] [NNZ_loss: 0.3232]
[Epoch 70/300] [D loss: 0.5820] [G loss: 1.1417] [Validity_loss: 0.4500] 
 [Stat_loss: 0.6917] [NNZ_loss: 0.2750]
[Epoch 71/300] [D loss: 0.5814] [G loss: 1.1351] [Validity_loss: 0.5043] 
 [Stat_loss: 0.6308] [NNZ_loss: 0.2738]
Model and statistics saved to models/temp_gan_300.pt
[Epoch 72/300] [D loss: 0.5393] [G loss: 1.1897] [Validity_loss: 0.5559] 
 [Stat_loss: 0.6338] [NNZ_loss: 0.2728]
[Epoch 73/300] [D loss: 0.5837] [G loss: 1.1288] [Validity_loss: 0.4557] 
 [Stat_loss: 0.6730] [NNZ_loss: 0.3203]
[Epoch 74/300] [D loss: 0.5516] [G loss: 1.2550] [Validity_loss: 0.5205] 
 [Stat_loss: 0.7344] [NNZ_loss: 0.3241]
[Epoch 75/300] [D loss: 0.4051] [G loss: 1.6921] [Validity_loss: 0.6765] 
 [Stat_loss: 1.0156] [NNZ_loss: 0.5637]
[Epoch 76/300] [D loss: 0.3476] [G loss: 1.3061] [Validity_loss: 0.7137] 
 [Stat_loss: 0.5924] [NNZ_loss: 0.4663]
✅ Saved new best discriminator (epoch 77, d_loss=0.1825)
[Epoch 77/300] [D loss: 0.1825] [G loss: 1.7930] [Validity_loss: 1.0382] 
 [Stat_loss: 0.7548] [NNZ_loss: 0.3050]
✅ Saved new best discriminator (epoch 78, d_loss=0.1692)
[Epoch 78/300] [D loss: 0.1692] [G loss: 2.6352] [Validity_loss: 1.4301] 
 [Stat_loss: 1.2052] [NNZ_loss: 0.7013]
[Epoch 79/300] [D loss: 0.2485] [G loss: 2.0631] [Validity_loss: 0.8147] 
 [Stat_loss: 1.2485] [NNZ_loss: 0.4429]
[Epoch 80/300] [D loss: 0.3466] [G loss: 1.3076] [Validity_loss: 0.6692] 
 [Stat_loss: 0.6384] [NNZ_loss: 0.2450]
[Epoch 81/300] [D loss: 0.4189] [G loss: 1.5385] [Validity_loss: 0.8295] 
 [Stat_loss: 0.7090] [NNZ_loss: 0.3150]
Model and statistics saved to models/temp_gan_300.pt
[Epoch 82/300] [D loss: 0.8144] [G loss: 1.9387] [Validity_loss: 0.8770] 
 [Stat_loss: 1.0617] [NNZ_loss: 0.2173]
[Epoch 83/300] [D loss: 0.3237] [G loss: 1.5632] [Validity_loss: 0.9002] 
 [Stat_loss: 0.6630] [NNZ_loss: 0.2298]
[Epoch 84/300] [D loss: 0.5672] [G loss: 1.2336] [Validity_loss: 0.5680] 
 [Stat_loss: 0.6655] [NNZ_loss: 0.2790]
[Epoch 85/300] [D loss: 0.5333] [G loss: 1.2101] [Validity_loss: 0.5559] 
 [Stat_loss: 0.6542] [NNZ_loss: 0.4166]
[Epoch 86/300] [D loss: 0.5019] [G loss: 1.2767] [Validity_loss: 0.5996] 
 [Stat_loss: 0.6771] [NNZ_loss: 0.2872]
[Epoch 87/300] [D loss: 0.6755] [G loss: 1.1519] [Validity_loss: 0.4836] 
 [Stat_loss: 0.6684] [NNZ_loss: 0.3188]
[Epoch 88/300] [D loss: 0.5537] [G loss: 1.2602] [Validity_loss: 0.6226] 
 [Stat_loss: 0.6376] [NNZ_loss: 0.3054]
[Epoch 89/300] [D loss: 0.4928] [G loss: 1.2558] [Validity_loss: 0.5397] 
 [Stat_loss: 0.7160] [NNZ_loss: 0.3180]
[Epoch 90/300] [D loss: 0.5218] [G loss: 1.2499] [Validity_loss: 0.5499] 
 [Stat_loss: 0.7000] [NNZ_loss: 0.2529]
[Epoch 91/300] [D loss: 0.5332] [G loss: 1.2336] [Validity_loss: 0.5900] 
 [Stat_loss: 0.6436] [NNZ_loss: 0.2500]
Model and statistics saved to models/temp_gan_300.pt
[Epoch 92/300] [D loss: 0.5154] [G loss: 1.2206] [Validity_loss: 0.5469] 
 [Stat_loss: 0.6736] [NNZ_loss: 0.3739]
[Epoch 93/300] [D loss: 0.5132] [G loss: 1.2669] [Validity_loss: 0.5528] 
 [Stat_loss: 0.7141] [NNZ_loss: 0.3477]
[Epoch 94/300] [D loss: 0.5463] [G loss: 1.2475] [Validity_loss: 0.5802] 
 [Stat_loss: 0.6673] [NNZ_loss: 0.4236]
[Epoch 95/300] [D loss: 0.5079] [G loss: 1.2522] [Validity_loss: 0.5365] 
 [Stat_loss: 0.7158] [NNZ_loss: 0.4129]
[Epoch 96/300] [D loss: 0.5146] [G loss: 1.2444] [Validity_loss: 0.5698] 
 [Stat_loss: 0.6747] [NNZ_loss: 0.5006]
[Epoch 97/300] [D loss: 0.5340] [G loss: 1.2850] [Validity_loss: 0.5868] 
 [Stat_loss: 0.6982] [NNZ_loss: 0.3385]
[Epoch 98/300] [D loss: 0.5170] [G loss: 1.3856] [Validity_loss: 0.6853] 
 [Stat_loss: 0.7003] [NNZ_loss: 0.3492]
[Epoch 99/300] [D loss: 0.5584] [G loss: 1.2429] [Validity_loss: 0.5303] 
 [Stat_loss: 0.7126] [NNZ_loss: 0.2684]
[Epoch 100/300] [D loss: 0.5648] [G loss: 1.2195] [Validity_loss: 0.4658] 
 [Stat_loss: 0.7536] [NNZ_loss: 0.4981]
[Epoch 101/300] [D loss: 0.6060] [G loss: 1.2554] [Validity_loss: 0.6277] 
 [Stat_loss: 0.6278] [NNZ_loss: 0.4496]
Model and statistics saved to models/temp_gan_300.pt
[Epoch 102/300] [D loss: 0.5673] [G loss: 1.1945] [Validity_loss: 0.4632] 
 [Stat_loss: 0.7313] [NNZ_loss: 0.5218]
[Epoch 103/300] [D loss: 0.5939] [G loss: 1.2235] [Validity_loss: 0.5232] 
 [Stat_loss: 0.7002] [NNZ_loss: 0.4746]
[Epoch 104/300] [D loss: 0.5813] [G loss: 1.2114] [Validity_loss: 0.4908] 
 [Stat_loss: 0.7206] [NNZ_loss: 0.3325]
[Epoch 105/300] [D loss: 0.5597] [G loss: 1.3588] [Validity_loss: 0.5718] 
 [Stat_loss: 0.7869] [NNZ_loss: 0.5192]
[Epoch 106/300] [D loss: 0.5837] [G loss: 1.2056] [Validity_loss: 0.5119] 
 [Stat_loss: 0.6937] [NNZ_loss: 0.3214]
[Epoch 107/300] [D loss: 0.5458] [G loss: 1.2219] [Validity_loss: 0.5475] 
 [Stat_loss: 0.6744] [NNZ_loss: 0.3375]
[Epoch 108/300] [D loss: 0.5279] [G loss: 1.2600] [Validity_loss: 0.6042] 
 [Stat_loss: 0.6558] [NNZ_loss: 0.3642]
[Epoch 109/300] [D loss: 0.4940] [G loss: 1.2182] [Validity_loss: 0.5442] 
 [Stat_loss: 0.6740] [NNZ_loss: 0.3862]
[Epoch 110/300] [D loss: 0.5797] [G loss: 1.2603] [Validity_loss: 0.5336] 
 [Stat_loss: 0.7266] [NNZ_loss: 0.3774]
[Epoch 111/300] [D loss: 0.5372] [G loss: 1.2404] [Validity_loss: 0.5314] 
 [Stat_loss: 0.7090] [NNZ_loss: 0.3678]
Model and statistics saved to models/temp_gan_300.pt
[Epoch 112/300] [D loss: 0.5612] [G loss: 1.2688] [Validity_loss: 0.5905] 
 [Stat_loss: 0.6784] [NNZ_loss: 0.3531]
[Epoch 113/300] [D loss: 0.5909] [G loss: 1.1512] [Validity_loss: 0.4833] 
 [Stat_loss: 0.6679] [NNZ_loss: 0.2916]
[Epoch 114/300] [D loss: 0.6147] [G loss: 1.2670] [Validity_loss: 0.5130] 
 [Stat_loss: 0.7540] [NNZ_loss: 0.8417]
[Epoch 115/300] [D loss: 0.5574] [G loss: 1.2206] [Validity_loss: 0.5713] 
 [Stat_loss: 0.6493] [NNZ_loss: 0.3453]
[Epoch 116/300] [D loss: 0.5549] [G loss: 1.2947] [Validity_loss: 0.5953] 
 [Stat_loss: 0.6994] [NNZ_loss: 0.3875]
[Epoch 117/300] [D loss: 0.5525] [G loss: 1.1959] [Validity_loss: 0.4900] 
 [Stat_loss: 0.7060] [NNZ_loss: 0.3651]
[Epoch 118/300] [D loss: 0.5668] [G loss: 1.1699] [Validity_loss: 0.5217] 
 [Stat_loss: 0.6482] [NNZ_loss: 0.3731]
[Epoch 119/300] [D loss: 0.5186] [G loss: 1.3200] [Validity_loss: 0.6308] 
 [Stat_loss: 0.6892] [NNZ_loss: 0.2281]
[Epoch 120/300] [D loss: 0.5732] [G loss: 1.2377] [Validity_loss: 0.5442] 
 [Stat_loss: 0.6935] [NNZ_loss: 0.4327]
[Epoch 121/300] [D loss: 0.6032] [G loss: 1.2285] [Validity_loss: 0.5777] 
 [Stat_loss: 0.6509] [NNZ_loss: 0.3876]
Model and statistics saved to models/temp_gan_300.pt
