ClassGan ; No NNZ ; Flip
<KeysViewHDF5 ['image', 'jet_delta_R', 'jet_eta', 'jet_mass', 'jet_phi', 'jet_pt', 'signal', 'tau_1', 'tau_2', 'tau_21', 'tau_3', 'tau_32']>
(872666, 25, 25)
Image shape: torch.Size([872666, 16, 16])
dR Mean: torch.Size([872666])
dR STD: torch.Size([872666])
Pixel Mean: torch.Size([872666])
Pixel STD: torch.Size([872666])
ΔR min: 0.0
ΔR max: 2.4713454246520996
ΔR mean min: 0.003572926390916109
ΔR mean max: 0.015763528645038605
ΔR std min: 0.017520317807793617
ΔR std max: 0.16022197902202606
Weights (pixel intensity) min: 0.0
Weights (pixel intensity) max: 1.0
Pixel mean min: 0.0028264394495636225
Pixel mean max: 0.004322932101786137
Pixel std min: 0.008012386038899422
Pixel std max: 0.06249340996146202
Number of samples: 872666
Image shape: torch.Size([872666, 16, 16])
Feature shape: torch.Size([872666, 9])
✅ Saved new best generator (epoch 1, g_loss=2.4206)
✅ Saved new best discriminator (epoch 1, d_loss=0.6781)
[Epoch 1/300] [D loss: 0.6781] [G loss: 2.4206] [Validity_loss: 0.3299] 
 [Stat_loss: 2.0907] [NNZ_loss: 0.3188]
Model and statistics saved to models/temp_gan_300.pt
✅ Saved new best generator (epoch 2, g_loss=2.1945)
✅ Saved new best discriminator (epoch 2, d_loss=0.6600)
[Epoch 2/300] [D loss: 0.6600] [G loss: 2.1945] [Validity_loss: 0.3681] 
 [Stat_loss: 1.8265] [NNZ_loss: 0.3313]
[Epoch 3/300] [D loss: 0.6925] [G loss: 82.4203] [Validity_loss: 0.3902] 
 [Stat_loss: 82.0301] [NNZ_loss: 5.5765]
✅ Saved new best generator (epoch 4, g_loss=2.1149)
[Epoch 4/300] [D loss: 0.6809] [G loss: 2.1149] [Validity_loss: 0.3492] 
 [Stat_loss: 1.7657] [NNZ_loss: 0.5456]
✅ Saved new best discriminator (epoch 5, d_loss=0.4905)
[Epoch 5/300] [D loss: 0.4905] [G loss: 2.8988] [Validity_loss: 0.7972] 
 [Stat_loss: 2.1017] [NNZ_loss: 1.2467]
✅ Saved new best generator (epoch 6, g_loss=1.7079)
[Epoch 6/300] [D loss: 0.6746] [G loss: 1.7079] [Validity_loss: 0.3603] 
 [Stat_loss: 1.3476] [NNZ_loss: 1.6769]
✅ Saved new best generator (epoch 7, g_loss=1.1071)
[Epoch 7/300] [D loss: 0.6650] [G loss: 1.1071] [Validity_loss: 0.3492] 
 [Stat_loss: 0.7579] [NNZ_loss: 0.6098]
[Epoch 8/300] [D loss: 0.6813] [G loss: 1.4357] [Validity_loss: 0.3448] 
 [Stat_loss: 1.0909] [NNZ_loss: 0.2315]
✅ Saved new best generator (epoch 9, g_loss=0.9786)
[Epoch 9/300] [D loss: 0.6712] [G loss: 0.9786] [Validity_loss: 0.3479] 
 [Stat_loss: 0.6307] [NNZ_loss: 0.3379]
[Epoch 10/300] [D loss: 0.6503] [G loss: 1.5810] [Validity_loss: 0.3365] 
 [Stat_loss: 1.2445] [NNZ_loss: 0.2435]
[Epoch 11/300] [D loss: 0.5470] [G loss: 1.9887] [Validity_loss: 0.4632] 
 [Stat_loss: 1.5256] [NNZ_loss: 0.2189]
Model and statistics saved to models/temp_gan_300.pt
[Epoch 12/300] [D loss: 0.4941] [G loss: 1.1691] [Validity_loss: 0.5192] 
 [Stat_loss: 0.6499] [NNZ_loss: 0.3881]
[Epoch 13/300] [D loss: 0.5071] [G loss: 1.1601] [Validity_loss: 0.4274] 
 [Stat_loss: 0.7327] [NNZ_loss: 0.3530]
✅ Saved new best discriminator (epoch 14, d_loss=0.4904)
[Epoch 14/300] [D loss: 0.4904] [G loss: 1.1758] [Validity_loss: 0.5330] 
 [Stat_loss: 0.6429] [NNZ_loss: 0.2276]
✅ Saved new best discriminator (epoch 15, d_loss=0.4636)
[Epoch 15/300] [D loss: 0.4636] [G loss: 1.1823] [Validity_loss: 0.5380] 
 [Stat_loss: 0.6443] [NNZ_loss: 0.2213]
✅ Saved new best discriminator (epoch 16, d_loss=0.3612)
[Epoch 16/300] [D loss: 0.3612] [G loss: 1.3449] [Validity_loss: 0.6529] 
 [Stat_loss: 0.6920] [NNZ_loss: 0.2593]
[Epoch 17/300] [D loss: 0.4793] [G loss: 1.3594] [Validity_loss: 0.5648] 
 [Stat_loss: 0.7946] [NNZ_loss: 0.2044]
[Epoch 18/300] [D loss: 0.5386] [G loss: 3.3357] [Validity_loss: 0.4802] 
 [Stat_loss: 2.8555] [NNZ_loss: 0.6873]
[Epoch 19/300] [D loss: 0.4562] [G loss: 1.7203] [Validity_loss: 0.6035] 
 [Stat_loss: 1.1168] [NNZ_loss: 0.4507]
[Epoch 20/300] [D loss: 0.6824] [G loss: 1.6954] [Validity_loss: 0.4490] 
 [Stat_loss: 1.2464] [NNZ_loss: 0.2565]
[Epoch 21/300] [D loss: 0.5063] [G loss: 1.2931] [Validity_loss: 0.4630] 
 [Stat_loss: 0.8301] [NNZ_loss: 0.3109]
Model and statistics saved to models/temp_gan_300.pt
[Epoch 22/300] [D loss: 0.4462] [G loss: 1.3143] [Validity_loss: 0.5629] 
 [Stat_loss: 0.7514] [NNZ_loss: 0.3810]
[Epoch 23/300] [D loss: 0.4617] [G loss: 2.3130] [Validity_loss: 0.6849] 
 [Stat_loss: 1.6282] [NNZ_loss: 0.2767]
[Epoch 24/300] [D loss: 0.4599] [G loss: 1.1140] [Validity_loss: 0.4754] 
 [Stat_loss: 0.6386] [NNZ_loss: 0.3511]
[Epoch 25/300] [D loss: 0.4442] [G loss: 1.1981] [Validity_loss: 0.5875] 
 [Stat_loss: 0.6106] [NNZ_loss: 0.2959]
[Epoch 26/300] [D loss: 0.4376] [G loss: 1.5819] [Validity_loss: 0.6498] 
 [Stat_loss: 0.9321] [NNZ_loss: 0.2784]
[Epoch 27/300] [D loss: 0.5126] [G loss: 1.2034] [Validity_loss: 0.4879] 
 [Stat_loss: 0.7154] [NNZ_loss: 0.2334]
✅ Saved new best discriminator (epoch 28, d_loss=0.2545)
[Epoch 28/300] [D loss: 0.2545] [G loss: 1.4837] [Validity_loss: 0.7011] 
 [Stat_loss: 0.7826] [NNZ_loss: 0.3237]
[Epoch 29/300] [D loss: 0.4081] [G loss: 1.1965] [Validity_loss: 0.5687] 
 [Stat_loss: 0.6278] [NNZ_loss: 0.2509]
[Epoch 30/300] [D loss: 0.5702] [G loss: 1.4058] [Validity_loss: 0.6047] 
 [Stat_loss: 0.8012] [NNZ_loss: 0.4143]
[Epoch 31/300] [D loss: 1.1903] [G loss: 1.2197] [Validity_loss: 0.3233] 
 [Stat_loss: 0.8964] [NNZ_loss: 0.2471]
Model and statistics saved to models/temp_gan_300.pt
[Epoch 32/300] [D loss: 0.4733] [G loss: 1.3263] [Validity_loss: 0.5334] 
 [Stat_loss: 0.7930] [NNZ_loss: 0.2176]
✅ Saved new best discriminator (epoch 33, d_loss=0.2519)
[Epoch 33/300] [D loss: 0.2519] [G loss: 1.8032] [Validity_loss: 0.9058] 
 [Stat_loss: 0.8974] [NNZ_loss: 0.2522]
[Epoch 34/300] [D loss: 0.4488] [G loss: 1.2005] [Validity_loss: 0.5816] 
 [Stat_loss: 0.6188] [NNZ_loss: 0.2870]
[Epoch 35/300] [D loss: 0.4797] [G loss: 1.2858] [Validity_loss: 0.5601] 
 [Stat_loss: 0.7257] [NNZ_loss: 0.3065]
[Epoch 36/300] [D loss: 0.5801] [G loss: 1.4203] [Validity_loss: 0.6998] 
 [Stat_loss: 0.7205] [NNZ_loss: 0.2660]
[Epoch 37/300] [D loss: 0.5668] [G loss: 1.2160] [Validity_loss: 0.4910] 
 [Stat_loss: 0.7250] [NNZ_loss: 0.3038]
[Epoch 38/300] [D loss: 0.5961] [G loss: 1.0964] [Validity_loss: 0.4514] 
 [Stat_loss: 0.6449] [NNZ_loss: 0.2394]
[Epoch 39/300] [D loss: 0.5891] [G loss: 1.1364] [Validity_loss: 0.4541] 
 [Stat_loss: 0.6823] [NNZ_loss: 0.3040]
[Epoch 40/300] [D loss: 0.5946] [G loss: 1.1638] [Validity_loss: 0.4956] 
 [Stat_loss: 0.6682] [NNZ_loss: 0.4557]
[Epoch 41/300] [D loss: 0.6018] [G loss: 1.1814] [Validity_loss: 0.5011] 
 [Stat_loss: 0.6804] [NNZ_loss: 0.3741]
Model and statistics saved to models/temp_gan_300.pt
[Epoch 42/300] [D loss: 0.6177] [G loss: 1.1013] [Validity_loss: 0.3966] 
 [Stat_loss: 0.7047] [NNZ_loss: 0.3003]
[Epoch 43/300] [D loss: 0.6485] [G loss: 1.0606] [Validity_loss: 0.4194] 
 [Stat_loss: 0.6412] [NNZ_loss: 0.2956]
[Epoch 44/300] [D loss: 0.6167] [G loss: 1.1044] [Validity_loss: 0.3949] 
 [Stat_loss: 0.7095] [NNZ_loss: 0.4240]
[Epoch 45/300] [D loss: 0.6126] [G loss: 1.1218] [Validity_loss: 0.4294] 
 [Stat_loss: 0.6924] [NNZ_loss: 0.2934]
[Epoch 46/300] [D loss: 0.6607] [G loss: 1.2237] [Validity_loss: 0.4038] 
 [Stat_loss: 0.8199] [NNZ_loss: 0.4250]
[Epoch 47/300] [D loss: 0.6423] [G loss: 1.0868] [Validity_loss: 0.4258] 
 [Stat_loss: 0.6610] [NNZ_loss: 0.2897]
[Epoch 48/300] [D loss: 0.4491] [G loss: 1.4377] [Validity_loss: 0.6671] 
 [Stat_loss: 0.7706] [NNZ_loss: 0.3914]
[Epoch 49/300] [D loss: 0.6203] [G loss: 1.0910] [Validity_loss: 0.4169] 
 [Stat_loss: 0.6741] [NNZ_loss: 0.3533]
[Epoch 50/300] [D loss: 0.6188] [G loss: 1.2765] [Validity_loss: 0.4786] 
 [Stat_loss: 0.7979] [NNZ_loss: 0.3903]
[Epoch 51/300] [D loss: 0.5657] [G loss: 1.1670] [Validity_loss: 0.4816] 
 [Stat_loss: 0.6854] [NNZ_loss: 0.2475]
Model and statistics saved to models/temp_gan_300.pt
[Epoch 52/300] [D loss: 0.5865] [G loss: 1.0821] [Validity_loss: 0.4268] 
 [Stat_loss: 0.6553] [NNZ_loss: 0.3389]
[Epoch 53/300] [D loss: 0.6678] [G loss: 1.1640] [Validity_loss: 0.4611] 
 [Stat_loss: 0.7029] [NNZ_loss: 0.2821]
[Epoch 54/300] [D loss: 0.5624] [G loss: 1.2134] [Validity_loss: 0.4642] 
 [Stat_loss: 0.7492] [NNZ_loss: 0.3121]
[Epoch 55/300] [D loss: 0.5763] [G loss: 1.1234] [Validity_loss: 0.4370] 
 [Stat_loss: 0.6864] [NNZ_loss: 0.2930]
[Epoch 56/300] [D loss: 0.6271] [G loss: 1.1390] [Validity_loss: 0.4179] 
 [Stat_loss: 0.7211] [NNZ_loss: 0.2812]
[Epoch 57/300] [D loss: 0.6339] [G loss: 1.2677] [Validity_loss: 0.4393] 
 [Stat_loss: 0.8285] [NNZ_loss: 0.4372]
[Epoch 58/300] [D loss: 0.5811] [G loss: 1.1914] [Validity_loss: 0.5182] 
 [Stat_loss: 0.6732] [NNZ_loss: 0.2552]
[Epoch 59/300] [D loss: 0.6041] [G loss: 1.2019] [Validity_loss: 0.4880] 
 [Stat_loss: 0.7139] [NNZ_loss: 0.3057]
[Epoch 60/300] [D loss: 0.6557] [G loss: 1.1684] [Validity_loss: 0.4540] 
 [Stat_loss: 0.7145] [NNZ_loss: 0.2945]
[Epoch 61/300] [D loss: 0.5570] [G loss: 1.3006] [Validity_loss: 0.5690] 
 [Stat_loss: 0.7316] [NNZ_loss: 0.2826]
Model and statistics saved to models/temp_gan_300.pt
[Epoch 62/300] [D loss: 0.6458] [G loss: 1.1965] [Validity_loss: 0.4378] 
 [Stat_loss: 0.7587] [NNZ_loss: 0.3736]
[Epoch 63/300] [D loss: 0.5838] [G loss: 1.0880] [Validity_loss: 0.4107] 
 [Stat_loss: 0.6773] [NNZ_loss: 0.2668]
[Epoch 64/300] [D loss: 0.6400] [G loss: 1.1739] [Validity_loss: 0.4285] 
 [Stat_loss: 0.7454] [NNZ_loss: 0.3399]
[Epoch 65/300] [D loss: 0.6384] [G loss: 1.1773] [Validity_loss: 0.4559] 
 [Stat_loss: 0.7214] [NNZ_loss: 0.3490]
[Epoch 66/300] [D loss: 0.6490] [G loss: 1.1414] [Validity_loss: 0.4503] 
 [Stat_loss: 0.6911] [NNZ_loss: 0.3449]
[Epoch 67/300] [D loss: 0.5930] [G loss: 1.1626] [Validity_loss: 0.4973] 
 [Stat_loss: 0.6653] [NNZ_loss: 0.2391]
[Epoch 68/300] [D loss: 0.5723] [G loss: 1.1339] [Validity_loss: 0.4772] 
 [Stat_loss: 0.6567] [NNZ_loss: 0.3266]
[Epoch 69/300] [D loss: 0.6130] [G loss: 1.1164] [Validity_loss: 0.4439] 
 [Stat_loss: 0.6725] [NNZ_loss: 0.3217]
[Epoch 70/300] [D loss: 0.6038] [G loss: 1.1219] [Validity_loss: 0.4497] 
 [Stat_loss: 0.6723] [NNZ_loss: 0.3285]
[Epoch 71/300] [D loss: 0.6316] [G loss: 1.0757] [Validity_loss: 0.4579] 
 [Stat_loss: 0.6178] [NNZ_loss: 0.2387]
Model and statistics saved to models/temp_gan_300.pt
[Epoch 72/300] [D loss: 0.5972] [G loss: 1.1046] [Validity_loss: 0.4397] 
 [Stat_loss: 0.6649] [NNZ_loss: 0.2756]
[Epoch 73/300] [D loss: 0.5898] [G loss: 1.1429] [Validity_loss: 0.4881] 
 [Stat_loss: 0.6549] [NNZ_loss: 0.2830]
[Epoch 74/300] [D loss: 0.6051] [G loss: 1.1732] [Validity_loss: 0.4566] 
 [Stat_loss: 0.7166] [NNZ_loss: 0.3595]
[Epoch 75/300] [D loss: 0.6393] [G loss: 1.1714] [Validity_loss: 0.4418] 
 [Stat_loss: 0.7295] [NNZ_loss: 0.5650]
[Epoch 76/300] [D loss: 0.5588] [G loss: 1.2541] [Validity_loss: 0.4998] 
 [Stat_loss: 0.7543] [NNZ_loss: 0.3400]
[Epoch 77/300] [D loss: 0.5667] [G loss: 1.3175] [Validity_loss: 0.5637] 
 [Stat_loss: 0.7537] [NNZ_loss: 0.3015]
[Epoch 78/300] [D loss: 0.6170] [G loss: 1.2209] [Validity_loss: 0.3982] 
 [Stat_loss: 0.8226] [NNZ_loss: 0.7178]
[Epoch 79/300] [D loss: 0.6441] [G loss: 1.1401] [Validity_loss: 0.4040] 
 [Stat_loss: 0.7362] [NNZ_loss: 0.3262]
[Epoch 80/300] [D loss: 0.5599] [G loss: 1.1104] [Validity_loss: 0.4675] 
 [Stat_loss: 0.6429] [NNZ_loss: 0.3043]
[Epoch 81/300] [D loss: 0.5417] [G loss: 1.1447] [Validity_loss: 0.4968] 
 [Stat_loss: 0.6479] [NNZ_loss: 0.3357]
Model and statistics saved to models/temp_gan_300.pt
[Epoch 82/300] [D loss: 0.5780] [G loss: 1.2003] [Validity_loss: 0.5066] 
 [Stat_loss: 0.6937] [NNZ_loss: 0.3133]
[Epoch 83/300] [D loss: 0.6288] [G loss: 1.1138] [Validity_loss: 0.4604] 
 [Stat_loss: 0.6534] [NNZ_loss: 0.2688]
[Epoch 84/300] [D loss: 0.6517] [G loss: 1.3289] [Validity_loss: 0.4952] 
 [Stat_loss: 0.8337] [NNZ_loss: 0.5168]
[Epoch 85/300] [D loss: 0.6467] [G loss: 1.3308] [Validity_loss: 0.5007] 
 [Stat_loss: 0.8302] [NNZ_loss: 1.0262]
[Epoch 86/300] [D loss: 0.5748] [G loss: 1.1310] [Validity_loss: 0.4832] 
 [Stat_loss: 0.6478] [NNZ_loss: 0.2798]
[Epoch 87/300] [D loss: 0.5703] [G loss: 1.1413] [Validity_loss: 0.4948] 
 [Stat_loss: 0.6465] [NNZ_loss: 0.2794]
[Epoch 88/300] [D loss: 0.5542] [G loss: 1.1728] [Validity_loss: 0.4963] 
 [Stat_loss: 0.6765] [NNZ_loss: 0.3818]
[Epoch 89/300] [D loss: 0.5881] [G loss: 1.1702] [Validity_loss: 0.4541] 
 [Stat_loss: 0.7161] [NNZ_loss: 0.3459]
[Epoch 90/300] [D loss: 0.5669] [G loss: 1.1757] [Validity_loss: 0.4682] 
 [Stat_loss: 0.7074] [NNZ_loss: 0.3145]
[Epoch 91/300] [D loss: 0.5761] [G loss: 1.1866] [Validity_loss: 0.4907] 
 [Stat_loss: 0.6959] [NNZ_loss: 0.2572]
Model and statistics saved to models/temp_gan_300.pt
[Epoch 92/300] [D loss: 0.5643] [G loss: 1.2175] [Validity_loss: 0.5090] 
 [Stat_loss: 0.7085] [NNZ_loss: 0.2817]
[Epoch 93/300] [D loss: 0.6469] [G loss: 1.1383] [Validity_loss: 0.4568] 
 [Stat_loss: 0.6815] [NNZ_loss: 0.4257]
[Epoch 94/300] [D loss: 0.5790] [G loss: 1.0968] [Validity_loss: 0.4565] 
 [Stat_loss: 0.6402] [NNZ_loss: 0.4089]
[Epoch 95/300] [D loss: 0.6309] [G loss: 1.1352] [Validity_loss: 0.4386] 
 [Stat_loss: 0.6966] [NNZ_loss: 0.2744]
[Epoch 96/300] [D loss: 0.5935] [G loss: 1.1512] [Validity_loss: 0.4311] 
 [Stat_loss: 0.7201] [NNZ_loss: 0.3508]
[Epoch 97/300] [D loss: 0.6115] [G loss: 1.2050] [Validity_loss: 0.4641] 
 [Stat_loss: 0.7410] [NNZ_loss: 0.3381]
[Epoch 98/300] [D loss: 0.5789] [G loss: 1.2044] [Validity_loss: 0.4895] 
 [Stat_loss: 0.7149] [NNZ_loss: 0.4157]
[Epoch 99/300] [D loss: 0.5013] [G loss: 1.2749] [Validity_loss: 0.5410] 
 [Stat_loss: 0.7339] [NNZ_loss: 0.3129]
[Epoch 100/300] [D loss: 0.6148] [G loss: 1.1939] [Validity_loss: 0.4459] 
 [Stat_loss: 0.7480] [NNZ_loss: 0.3099]
[Epoch 101/300] [D loss: 0.5719] [G loss: 1.1934] [Validity_loss: 0.5002] 
 [Stat_loss: 0.6932] [NNZ_loss: 0.3227]
Model and statistics saved to models/temp_gan_300.pt
[Epoch 102/300] [D loss: 0.6281] [G loss: 1.2203] [Validity_loss: 0.4900] 
 [Stat_loss: 0.7304] [NNZ_loss: 0.3249]
[Epoch 103/300] [D loss: 0.5854] [G loss: 1.2362] [Validity_loss: 0.5360] 
 [Stat_loss: 0.7001] [NNZ_loss: 0.3610]
[Epoch 104/300] [D loss: 0.5692] [G loss: 1.1895] [Validity_loss: 0.5024] 
 [Stat_loss: 0.6871] [NNZ_loss: 0.4019]
[Epoch 105/300] [D loss: 0.5615] [G loss: 1.2525] [Validity_loss: 0.5318] 
 [Stat_loss: 0.7208] [NNZ_loss: 0.3360]
[Epoch 106/300] [D loss: 0.5062] [G loss: 1.2593] [Validity_loss: 0.5306] 
 [Stat_loss: 0.7287] [NNZ_loss: 0.2929]
[Epoch 107/300] [D loss: 0.5425] [G loss: 1.2476] [Validity_loss: 0.5431] 
 [Stat_loss: 0.7045] [NNZ_loss: 0.3460]
[Epoch 108/300] [D loss: 0.5926] [G loss: 1.1195] [Validity_loss: 0.4273] 
 [Stat_loss: 0.6922] [NNZ_loss: 0.3015]
[Epoch 109/300] [D loss: 0.6116] [G loss: 1.2506] [Validity_loss: 0.5272] 
 [Stat_loss: 0.7234] [NNZ_loss: 0.2752]
[Epoch 110/300] [D loss: 0.5553] [G loss: 1.1997] [Validity_loss: 0.5211] 
 [Stat_loss: 0.6785] [NNZ_loss: 0.2910]
[Epoch 111/300] [D loss: 0.6740] [G loss: 1.1327] [Validity_loss: 0.4817] 
 [Stat_loss: 0.6510] [NNZ_loss: 0.2878]
Model and statistics saved to models/temp_gan_300.pt
[Epoch 112/300] [D loss: 0.6267] [G loss: 1.1174] [Validity_loss: 0.4204] 
 [Stat_loss: 0.6970] [NNZ_loss: 0.4364]
[Epoch 113/300] [D loss: 0.5605] [G loss: 1.1661] [Validity_loss: 0.5092] 
 [Stat_loss: 0.6569] [NNZ_loss: 0.3214]
