ClassGan ; NoFlip ; 0.1 Noise ; NNZLoss
<KeysViewHDF5 ['image', 'jet_delta_R', 'jet_eta', 'jet_mass', 'jet_phi', 'jet_pt', 'signal', 'tau_1', 'tau_2', 'tau_21', 'tau_3', 'tau_32']>
(872666, 25, 25)
Image shape: torch.Size([872666, 16, 16])
dR Mean: torch.Size([872666])
dR STD: torch.Size([872666])
Pixel Mean: torch.Size([872666])
Pixel STD: torch.Size([872666])
ΔR min: 0.0
ΔR max: 2.4713454246520996
ΔR mean min: 0.003572926390916109
ΔR mean max: 0.015763528645038605
ΔR std min: 0.017520317807793617
ΔR std max: 0.16022197902202606
Weights (pixel intensity) min: 0.0
Weights (pixel intensity) max: 1.0
Pixel mean min: 0.0028264394495636225
Pixel mean max: 0.004322932101786137
Pixel std min: 0.008012386038899422
Pixel std max: 0.06249340996146202
Number of samples: 872666
Image shape: torch.Size([872666, 16, 16])
Feature shape: torch.Size([872666, 9])
✅ Saved new best generator (epoch 1, g_loss=9.2911)
✅ Saved new best discriminator (epoch 1, d_loss=0.4451)
[Epoch 1/300] [D loss: 0.4451] [G loss: 9.2911] [Validity_loss: 1.9757] 
 [Stat_loss: 7.0926] [NNZ_loss: 0.2228]
Model and statistics saved to models/temp_noflip_300.pt
✅ Saved new best generator (epoch 2, g_loss=6.9390)
[Epoch 2/300] [D loss: 0.6460] [G loss: 6.9390] [Validity_loss: 0.1390] 
 [Stat_loss: 6.6092] [NNZ_loss: 0.1908]
✅ Saved new best generator (epoch 3, g_loss=2.0263)
[Epoch 3/300] [D loss: 0.6468] [G loss: 2.0263] [Validity_loss: 0.1321] 
 [Stat_loss: 1.6940] [NNZ_loss: 0.2002]
[Epoch 4/300] [D loss: 0.7008] [G loss: 3.7904] [Validity_loss: 0.1724] 
 [Stat_loss: 3.3998] [NNZ_loss: 0.2182]
[Epoch 5/300] [D loss: 0.7004] [G loss: 11.0786] [Validity_loss: 0.1521] 
 [Stat_loss: 10.7141] [NNZ_loss: 0.2124]
✅ Saved new best generator (epoch 6, g_loss=1.5890)
[Epoch 6/300] [D loss: 0.4501] [G loss: 1.5890] [Validity_loss: 0.2390] 
 [Stat_loss: 1.1559] [NNZ_loss: 0.1941]
✅ Saved new best generator (epoch 7, g_loss=1.1753)
[Epoch 7/300] [D loss: 0.6485] [G loss: 1.1753] [Validity_loss: 0.1773] 
 [Stat_loss: 0.7897] [NNZ_loss: 0.2082]
[Epoch 8/300] [D loss: 0.6100] [G loss: 1.1780] [Validity_loss: 0.1806] 
 [Stat_loss: 0.7811] [NNZ_loss: 0.2163]
✅ Saved new best generator (epoch 9, g_loss=1.1275)
[Epoch 9/300] [D loss: 0.6598] [G loss: 1.1275] [Validity_loss: 0.1790] 
 [Stat_loss: 0.7386] [NNZ_loss: 0.2099]
[Epoch 10/300] [D loss: 0.8040] [G loss: 1.1701] [Validity_loss: 0.1584] 
 [Stat_loss: 0.8287] [NNZ_loss: 0.1829]
[Epoch 11/300] [D loss: 0.6833] [G loss: 1.3474] [Validity_loss: 0.1717] 
 [Stat_loss: 0.9503] [NNZ_loss: 0.2254]
Model and statistics saved to models/temp_noflip_300.pt
[Epoch 12/300] [D loss: 0.7800] [G loss: 1.5657] [Validity_loss: 0.1305] 
 [Stat_loss: 1.2626] [NNZ_loss: 0.1726]
[Epoch 13/300] [D loss: 0.6890] [G loss: 1.5854] [Validity_loss: 0.1948] 
 [Stat_loss: 1.2346] [NNZ_loss: 0.1560]
✅ Saved new best generator (epoch 14, g_loss=1.0828)
[Epoch 14/300] [D loss: 0.6802] [G loss: 1.0828] [Validity_loss: 0.1811] 
 [Stat_loss: 0.6889] [NNZ_loss: 0.2127]
[Epoch 15/300] [D loss: 0.7251] [G loss: 1.1951] [Validity_loss: 0.1633] 
 [Stat_loss: 0.8588] [NNZ_loss: 0.1730]
✅ Saved new best generator (epoch 16, g_loss=1.0160)
[Epoch 16/300] [D loss: 0.6486] [G loss: 1.0160] [Validity_loss: 0.1672] 
 [Stat_loss: 0.6396] [NNZ_loss: 0.2091]
[Epoch 17/300] [D loss: 0.6321] [G loss: 1.3894] [Validity_loss: 0.1847] 
 [Stat_loss: 1.0233] [NNZ_loss: 0.1815]
[Epoch 18/300] [D loss: 0.6639] [G loss: 1.1451] [Validity_loss: 0.2061] 
 [Stat_loss: 0.7599] [NNZ_loss: 0.1791]
[Epoch 19/300] [D loss: 1.0331] [G loss: 1.8499] [Validity_loss: 0.2083] 
 [Stat_loss: 1.4270] [NNZ_loss: 0.2145]
[Epoch 20/300] [D loss: 0.4890] [G loss: 1.1644] [Validity_loss: 0.1988] 
 [Stat_loss: 0.7805] [NNZ_loss: 0.1851]
[Epoch 21/300] [D loss: 0.6663] [G loss: 1.2812] [Validity_loss: 0.1585] 
 [Stat_loss: 0.9257] [NNZ_loss: 0.1970]
Model and statistics saved to models/temp_noflip_300.pt
[Epoch 22/300] [D loss: 0.6037] [G loss: 1.3300] [Validity_loss: 0.1954] 
 [Stat_loss: 0.9294] [NNZ_loss: 0.2052]
[Epoch 23/300] [D loss: 0.6907] [G loss: 1.3164] [Validity_loss: 0.1743] 
 [Stat_loss: 0.9234] [NNZ_loss: 0.2187]
[Epoch 24/300] [D loss: 0.5524] [G loss: 1.1203] [Validity_loss: 0.1879] 
 [Stat_loss: 0.7362] [NNZ_loss: 0.1962]
[Epoch 25/300] [D loss: 0.5608] [G loss: 1.2288] [Validity_loss: 0.2378] 
 [Stat_loss: 0.8059] [NNZ_loss: 0.1851]
[Epoch 26/300] [D loss: 0.7192] [G loss: 1.2295] [Validity_loss: 0.1738] 
 [Stat_loss: 0.8608] [NNZ_loss: 0.1949]
[Epoch 27/300] [D loss: 0.6206] [G loss: 1.0863] [Validity_loss: 0.2000] 
 [Stat_loss: 0.7007] [NNZ_loss: 0.1857]
[Epoch 28/300] [D loss: 0.4655] [G loss: 1.2011] [Validity_loss: 0.2428] 
 [Stat_loss: 0.7710] [NNZ_loss: 0.1873]
[Epoch 29/300] [D loss: 0.6044] [G loss: 1.2300] [Validity_loss: 0.2597] 
 [Stat_loss: 0.7571] [NNZ_loss: 0.2132]
[Epoch 30/300] [D loss: 0.5054] [G loss: 1.1377] [Validity_loss: 0.2507] 
 [Stat_loss: 0.6648] [NNZ_loss: 0.2222]
[Epoch 31/300] [D loss: 0.4883] [G loss: 1.4017] [Validity_loss: 0.2495] 
 [Stat_loss: 0.9262] [NNZ_loss: 0.2260]
Model and statistics saved to models/temp_noflip_300.pt
[Epoch 32/300] [D loss: 0.5672] [G loss: 1.4082] [Validity_loss: 0.3335] 
 [Stat_loss: 0.8255] [NNZ_loss: 0.2492]
✅ Saved new best discriminator (epoch 33, d_loss=0.3078)
[Epoch 33/300] [D loss: 0.3078] [G loss: 1.4264] [Validity_loss: 0.2746] 
 [Stat_loss: 0.9320] [NNZ_loss: 0.2199]
[Epoch 34/300] [D loss: 0.4248] [G loss: 1.2188] [Validity_loss: 0.3145] 
 [Stat_loss: 0.7113] [NNZ_loss: 0.1929]
[Epoch 35/300] [D loss: 0.4811] [G loss: 1.2008] [Validity_loss: 0.2922] 
 [Stat_loss: 0.7033] [NNZ_loss: 0.2053]
[Epoch 36/300] [D loss: 0.7335] [G loss: 1.1914] [Validity_loss: 0.2253] 
 [Stat_loss: 0.7692] [NNZ_loss: 0.1970]
[Epoch 37/300] [D loss: 0.4677] [G loss: 1.1715] [Validity_loss: 0.2445] 
 [Stat_loss: 0.7065] [NNZ_loss: 0.2206]
[Epoch 38/300] [D loss: 0.5166] [G loss: 1.1536] [Validity_loss: 0.2664] 
 [Stat_loss: 0.6722] [NNZ_loss: 0.2150]
[Epoch 39/300] [D loss: 0.5919] [G loss: 1.0885] [Validity_loss: 0.2023] 
 [Stat_loss: 0.6804] [NNZ_loss: 0.2058]
[Epoch 40/300] [D loss: 0.5328] [G loss: 1.1679] [Validity_loss: 0.2615] 
 [Stat_loss: 0.7370] [NNZ_loss: 0.1694]
[Epoch 41/300] [D loss: 0.6934] [G loss: 1.2246] [Validity_loss: 0.2330] 
 [Stat_loss: 0.7736] [NNZ_loss: 0.2179]
Model and statistics saved to models/temp_noflip_300.pt
[Epoch 42/300] [D loss: 0.6175] [G loss: 1.2110] [Validity_loss: 0.2415] 
 [Stat_loss: 0.7617] [NNZ_loss: 0.2079]
[Epoch 43/300] [D loss: 0.5873] [G loss: 1.2122] [Validity_loss: 0.2497] 
 [Stat_loss: 0.7678] [NNZ_loss: 0.1947]
[Epoch 44/300] [D loss: 0.5838] [G loss: 1.1208] [Validity_loss: 0.2274] 
 [Stat_loss: 0.7121] [NNZ_loss: 0.1812]
[Epoch 45/300] [D loss: 0.5797] [G loss: 1.1155] [Validity_loss: 0.2474] 
 [Stat_loss: 0.6516] [NNZ_loss: 0.2165]
[Epoch 46/300] [D loss: 0.5400] [G loss: 1.1749] [Validity_loss: 0.2976] 
 [Stat_loss: 0.6645] [NNZ_loss: 0.2128]
[Epoch 47/300] [D loss: 0.5034] [G loss: 1.2462] [Validity_loss: 0.2749] 
 [Stat_loss: 0.7660] [NNZ_loss: 0.2054]
[Epoch 48/300] [D loss: 0.5567] [G loss: 1.3317] [Validity_loss: 0.2513] 
 [Stat_loss: 0.8540] [NNZ_loss: 0.2265]
[Epoch 49/300] [D loss: 0.6086] [G loss: 1.2106] [Validity_loss: 0.2684] 
 [Stat_loss: 0.7053] [NNZ_loss: 0.2369]
[Epoch 50/300] [D loss: 0.6686] [G loss: 1.2201] [Validity_loss: 0.2240] 
 [Stat_loss: 0.8090] [NNZ_loss: 0.1871]
[Epoch 51/300] [D loss: 0.5373] [G loss: 1.2671] [Validity_loss: 0.2698] 
 [Stat_loss: 0.7856] [NNZ_loss: 0.2117]
Model and statistics saved to models/temp_noflip_300.pt
[Epoch 52/300] [D loss: 0.6054] [G loss: 1.1693] [Validity_loss: 0.2251] 
 [Stat_loss: 0.7500] [NNZ_loss: 0.1942]
[Epoch 53/300] [D loss: 0.4206] [G loss: 1.1414] [Validity_loss: 0.3054] 
 [Stat_loss: 0.6251] [NNZ_loss: 0.2109]
[Epoch 54/300] [D loss: 0.7973] [G loss: 1.3216] [Validity_loss: 0.3195] 
 [Stat_loss: 0.7674] [NNZ_loss: 0.2346]
[Epoch 55/300] [D loss: 0.5990] [G loss: 1.1534] [Validity_loss: 0.2380] 
 [Stat_loss: 0.7078] [NNZ_loss: 0.2076]
[Epoch 56/300] [D loss: 0.5572] [G loss: 1.2099] [Validity_loss: 0.2698] 
 [Stat_loss: 0.7225] [NNZ_loss: 0.2176]
[Epoch 57/300] [D loss: 0.5426] [G loss: 1.2208] [Validity_loss: 0.2611] 
 [Stat_loss: 0.7466] [NNZ_loss: 0.2131]
[Epoch 58/300] [D loss: 0.5220] [G loss: 1.2274] [Validity_loss: 0.3135] 
 [Stat_loss: 0.7036] [NNZ_loss: 0.2104]
[Epoch 59/300] [D loss: 0.5726] [G loss: 1.2078] [Validity_loss: 0.2883] 
 [Stat_loss: 0.6904] [NNZ_loss: 0.2291]
[Epoch 60/300] [D loss: 0.4566] [G loss: 1.2851] [Validity_loss: 0.3411] 
 [Stat_loss: 0.7155] [NNZ_loss: 0.2285]
[Epoch 61/300] [D loss: 0.5647] [G loss: 1.2184] [Validity_loss: 0.2494] 
 [Stat_loss: 0.7334] [NNZ_loss: 0.2357]
Model and statistics saved to models/temp_noflip_300.pt
[Epoch 62/300] [D loss: 0.5151] [G loss: 1.1936] [Validity_loss: 0.2940] 
 [Stat_loss: 0.7025] [NNZ_loss: 0.1970]
[Epoch 63/300] [D loss: 0.4670] [G loss: 1.3037] [Validity_loss: 0.3161] 
 [Stat_loss: 0.7557] [NNZ_loss: 0.2319]
[Epoch 64/300] [D loss: 0.4261] [G loss: 1.1928] [Validity_loss: 0.2979] 
 [Stat_loss: 0.6800] [NNZ_loss: 0.2148]
[Epoch 65/300] [D loss: 0.4595] [G loss: 1.3747] [Validity_loss: 0.3726] 
 [Stat_loss: 0.7529] [NNZ_loss: 0.2492]
[Epoch 66/300] [D loss: 0.4722] [G loss: 1.2862] [Validity_loss: 0.3302] 
 [Stat_loss: 0.7430] [NNZ_loss: 0.2129]
[Epoch 67/300] [D loss: 0.4310] [G loss: 1.2936] [Validity_loss: 0.3560] 
 [Stat_loss: 0.7108] [NNZ_loss: 0.2268]
[Epoch 68/300] [D loss: 0.5547] [G loss: 1.1265] [Validity_loss: 0.2020] 
 [Stat_loss: 0.6982] [NNZ_loss: 0.2263]
[Epoch 69/300] [D loss: 0.4750] [G loss: 1.2114] [Validity_loss: 0.3061] 
 [Stat_loss: 0.6714] [NNZ_loss: 0.2339]
[Epoch 70/300] [D loss: 0.5444] [G loss: 1.3149] [Validity_loss: 0.3105] 
 [Stat_loss: 0.7666] [NNZ_loss: 0.2379]
[Epoch 71/300] [D loss: 0.4347] [G loss: 1.2461] [Validity_loss: 0.3356] 
 [Stat_loss: 0.6920] [NNZ_loss: 0.2185]
Model and statistics saved to models/temp_noflip_300.pt
[Epoch 72/300] [D loss: 0.4454] [G loss: 1.2805] [Validity_loss: 0.3390] 
 [Stat_loss: 0.6879] [NNZ_loss: 0.2535]
[Epoch 73/300] [D loss: 0.4783] [G loss: 1.2209] [Validity_loss: 0.3549] 
 [Stat_loss: 0.6636] [NNZ_loss: 0.2024]
[Epoch 74/300] [D loss: 0.4921] [G loss: 1.2529] [Validity_loss: 0.3391] 
 [Stat_loss: 0.6989] [NNZ_loss: 0.2149]
[Epoch 75/300] [D loss: 0.4767] [G loss: 1.2511] [Validity_loss: 0.3349] 
 [Stat_loss: 0.6899] [NNZ_loss: 0.2262]
[Epoch 76/300] [D loss: 0.4206] [G loss: 1.2768] [Validity_loss: 0.3542] 
 [Stat_loss: 0.6920] [NNZ_loss: 0.2306]
[Epoch 77/300] [D loss: 0.5073] [G loss: 1.4554] [Validity_loss: 0.4061] 
 [Stat_loss: 0.7558] [NNZ_loss: 0.2935]
[Epoch 78/300] [D loss: 0.4529] [G loss: 1.3930] [Validity_loss: 0.3677] 
 [Stat_loss: 0.7323] [NNZ_loss: 0.2930]
[Epoch 79/300] [D loss: 0.4357] [G loss: 1.2109] [Validity_loss: 0.3260] 
 [Stat_loss: 0.6812] [NNZ_loss: 0.2037]
[Epoch 80/300] [D loss: 0.4215] [G loss: 1.3008] [Validity_loss: 0.3455] 
 [Stat_loss: 0.7094] [NNZ_loss: 0.2460]
[Epoch 81/300] [D loss: 0.4849] [G loss: 1.2157] [Validity_loss: 0.3482] 
 [Stat_loss: 0.6778] [NNZ_loss: 0.1897]
Model and statistics saved to models/temp_noflip_300.pt
[Epoch 82/300] [D loss: 0.4670] [G loss: 1.2884] [Validity_loss: 0.3429] 
 [Stat_loss: 0.7438] [NNZ_loss: 0.2017]
[Epoch 83/300] [D loss: 0.4864] [G loss: 1.2981] [Validity_loss: 0.3556] 
 [Stat_loss: 0.7006] [NNZ_loss: 0.2419]
[Epoch 84/300] [D loss: 0.4981] [G loss: 1.2964] [Validity_loss: 0.3390] 
 [Stat_loss: 0.7298] [NNZ_loss: 0.2276]
[Epoch 85/300] [D loss: 0.4320] [G loss: 1.2756] [Validity_loss: 0.3403] 
 [Stat_loss: 0.6808] [NNZ_loss: 0.2544]
[Epoch 86/300] [D loss: 0.4607] [G loss: 1.2963] [Validity_loss: 0.3270] 
 [Stat_loss: 0.7175] [NNZ_loss: 0.2518]
[Epoch 87/300] [D loss: 0.4388] [G loss: 1.2971] [Validity_loss: 0.3196] 
 [Stat_loss: 0.7198] [NNZ_loss: 0.2578]
[Epoch 88/300] [D loss: 0.4818] [G loss: 1.3173] [Validity_loss: 0.3453] 
 [Stat_loss: 0.7012] [NNZ_loss: 0.2709]
[Epoch 89/300] [D loss: 0.5133] [G loss: 1.3620] [Validity_loss: 0.3791] 
 [Stat_loss: 0.7310] [NNZ_loss: 0.2519]
[Epoch 90/300] [D loss: 0.4954] [G loss: 1.3551] [Validity_loss: 0.3638] 
 [Stat_loss: 0.7488] [NNZ_loss: 0.2425]
[Epoch 91/300] [D loss: 0.4463] [G loss: 1.3203] [Validity_loss: 0.3453] 
 [Stat_loss: 0.7115] [NNZ_loss: 0.2636]
Model and statistics saved to models/temp_noflip_300.pt
[Epoch 92/300] [D loss: 0.4585] [G loss: 1.3069] [Validity_loss: 0.3461] 
 [Stat_loss: 0.7385] [NNZ_loss: 0.2223]
[Epoch 93/300] [D loss: 0.4928] [G loss: 1.3093] [Validity_loss: 0.3551] 
 [Stat_loss: 0.7227] [NNZ_loss: 0.2315]
[Epoch 94/300] [D loss: 0.3886] [G loss: 1.3376] [Validity_loss: 0.3497] 
 [Stat_loss: 0.7498] [NNZ_loss: 0.2382]
[Epoch 95/300] [D loss: 0.4773] [G loss: 1.3565] [Validity_loss: 0.4122] 
 [Stat_loss: 0.7082] [NNZ_loss: 0.2360]
[Epoch 96/300] [D loss: 0.4927] [G loss: 1.3348] [Validity_loss: 0.3758] 
 [Stat_loss: 0.7060] [NNZ_loss: 0.2531]
[Epoch 97/300] [D loss: 0.5046] [G loss: 1.2981] [Validity_loss: 0.3357] 
 [Stat_loss: 0.7462] [NNZ_loss: 0.2161]
[Epoch 98/300] [D loss: 0.4305] [G loss: 1.3224] [Validity_loss: 0.3588] 
 [Stat_loss: 0.7155] [NNZ_loss: 0.2481]
[Epoch 99/300] [D loss: 0.4238] [G loss: 1.3354] [Validity_loss: 0.3610] 
 [Stat_loss: 0.7391] [NNZ_loss: 0.2353]
[Epoch 100/300] [D loss: 0.4621] [G loss: 1.2423] [Validity_loss: 0.3451] 
 [Stat_loss: 0.6935] [NNZ_loss: 0.2037]
[Epoch 101/300] [D loss: 0.4581] [G loss: 1.3111] [Validity_loss: 0.3499] 
 [Stat_loss: 0.7123] [NNZ_loss: 0.2489]
Model and statistics saved to models/temp_noflip_300.pt
[Epoch 102/300] [D loss: 0.4078] [G loss: 1.2758] [Validity_loss: 0.3617] 
 [Stat_loss: 0.6741] [NNZ_loss: 0.2400]
[Epoch 103/300] [D loss: 0.4229] [G loss: 1.3936] [Validity_loss: 0.3854] 
 [Stat_loss: 0.7398] [NNZ_loss: 0.2684]
[Epoch 104/300] [D loss: 0.4333] [G loss: 1.3145] [Validity_loss: 0.3662] 
 [Stat_loss: 0.6983] [NNZ_loss: 0.2499]
[Epoch 105/300] [D loss: 0.5089] [G loss: 1.2513] [Validity_loss: 0.3357] 
 [Stat_loss: 0.6996] [NNZ_loss: 0.2159]
[Epoch 106/300] [D loss: 0.4156] [G loss: 1.2761] [Validity_loss: 0.3362] 
 [Stat_loss: 0.6950] [NNZ_loss: 0.2449]
[Epoch 107/300] [D loss: 0.4257] [G loss: 1.3372] [Validity_loss: 0.3713] 
 [Stat_loss: 0.7029] [NNZ_loss: 0.2631]
[Epoch 108/300] [D loss: 0.4040] [G loss: 1.3584] [Validity_loss: 0.3906] 
 [Stat_loss: 0.7442] [NNZ_loss: 0.2236]
[Epoch 109/300] [D loss: 0.4611] [G loss: 1.3167] [Validity_loss: 0.3673] 
 [Stat_loss: 0.7287] [NNZ_loss: 0.2207]
[Epoch 110/300] [D loss: 0.3922] [G loss: 1.3221] [Validity_loss: 0.3616] 
 [Stat_loss: 0.7096] [NNZ_loss: 0.2508]
[Epoch 111/300] [D loss: 0.3888] [G loss: 1.2967] [Validity_loss: 0.3780] 
 [Stat_loss: 0.6794] [NNZ_loss: 0.2393]
Model and statistics saved to models/temp_noflip_300.pt
[Epoch 112/300] [D loss: 0.4284] [G loss: 1.3564] [Validity_loss: 0.3654] 
 [Stat_loss: 0.7286] [NNZ_loss: 0.2624]
[Epoch 113/300] [D loss: 0.4567] [G loss: 1.3147] [Validity_loss: 0.3909] 
 [Stat_loss: 0.7113] [NNZ_loss: 0.2126]
[Epoch 114/300] [D loss: 0.4572] [G loss: 1.3183] [Validity_loss: 0.3756] 
 [Stat_loss: 0.6921] [NNZ_loss: 0.2506]
[Epoch 115/300] [D loss: 0.3916] [G loss: 1.2528] [Validity_loss: 0.3920] 
 [Stat_loss: 0.6822] [NNZ_loss: 0.1785]
[Epoch 116/300] [D loss: 0.4299] [G loss: 1.3431] [Validity_loss: 0.3841] 
 [Stat_loss: 0.7186] [NNZ_loss: 0.2405]
[Epoch 117/300] [D loss: 0.3913] [G loss: 1.4086] [Validity_loss: 0.4174] 
 [Stat_loss: 0.7329] [NNZ_loss: 0.2583]
[Epoch 118/300] [D loss: 0.4555] [G loss: 1.3039] [Validity_loss: 0.3615] 
 [Stat_loss: 0.7255] [NNZ_loss: 0.2168]
[Epoch 119/300] [D loss: 0.4726] [G loss: 1.3055] [Validity_loss: 0.3636] 
 [Stat_loss: 0.6754] [NNZ_loss: 0.2665]
[Epoch 120/300] [D loss: 0.4559] [G loss: 1.3668] [Validity_loss: 0.3948] 
 [Stat_loss: 0.7623] [NNZ_loss: 0.2097]
[Epoch 121/300] [D loss: 0.4252] [G loss: 1.3734] [Validity_loss: 0.3666] 
 [Stat_loss: 0.7306] [NNZ_loss: 0.2763]
Model and statistics saved to models/temp_noflip_300.pt
[Epoch 122/300] [D loss: 0.4686] [G loss: 1.2762] [Validity_loss: 0.3600] 
 [Stat_loss: 0.7119] [NNZ_loss: 0.2043]
[Epoch 123/300] [D loss: 0.4944] [G loss: 1.3131] [Validity_loss: 0.4058] 
 [Stat_loss: 0.6856] [NNZ_loss: 0.2217]
[Epoch 124/300] [D loss: 0.4063] [G loss: 1.3523] [Validity_loss: 0.3681] 
 [Stat_loss: 0.7499] [NNZ_loss: 0.2344]
[Epoch 125/300] [D loss: 0.4758] [G loss: 1.3371] [Validity_loss: 0.3596] 
 [Stat_loss: 0.7147] [NNZ_loss: 0.2629]
[Epoch 126/300] [D loss: 0.4292] [G loss: 1.3539] [Validity_loss: 0.3633] 
 [Stat_loss: 0.7424] [NNZ_loss: 0.2482]
[Epoch 127/300] [D loss: 0.4480] [G loss: 1.3984] [Validity_loss: 0.3753] 
 [Stat_loss: 0.7436] [NNZ_loss: 0.2795]
[Epoch 128/300] [D loss: 0.4368] [G loss: 1.3777] [Validity_loss: 0.3809] 
 [Stat_loss: 0.7515] [NNZ_loss: 0.2454]
[Epoch 129/300] [D loss: 0.4567] [G loss: 1.3414] [Validity_loss: 0.3528] 
 [Stat_loss: 0.7255] [NNZ_loss: 0.2632]
[Epoch 130/300] [D loss: 0.4111] [G loss: 1.3320] [Validity_loss: 0.3737] 
 [Stat_loss: 0.7195] [NNZ_loss: 0.2388]
[Epoch 131/300] [D loss: 0.4380] [G loss: 1.3363] [Validity_loss: 0.3798] 
 [Stat_loss: 0.7203] [NNZ_loss: 0.2362]
Model and statistics saved to models/temp_noflip_300.pt
[Epoch 132/300] [D loss: 0.4321] [G loss: 1.2828] [Validity_loss: 0.3530] 
 [Stat_loss: 0.7060] [NNZ_loss: 0.2237]
[Epoch 133/300] [D loss: 0.4211] [G loss: 1.3637] [Validity_loss: 0.3763] 
 [Stat_loss: 0.7520] [NNZ_loss: 0.2354]
[Epoch 134/300] [D loss: 0.4979] [G loss: 1.3749] [Validity_loss: 0.3883] 
 [Stat_loss: 0.7356] [NNZ_loss: 0.2510]
[Epoch 135/300] [D loss: 0.4147] [G loss: 1.3338] [Validity_loss: 0.4072] 
 [Stat_loss: 0.7014] [NNZ_loss: 0.2252]
[Epoch 136/300] [D loss: 0.4364] [G loss: 1.3319] [Validity_loss: 0.3713] 
 [Stat_loss: 0.6998] [NNZ_loss: 0.2609]
[Epoch 137/300] [D loss: 0.4236] [G loss: 1.3683] [Validity_loss: 0.3807] 
 [Stat_loss: 0.7287] [NNZ_loss: 0.2588]
[Epoch 138/300] [D loss: 0.4290] [G loss: 1.3024] [Validity_loss: 0.3724] 
 [Stat_loss: 0.7372] [NNZ_loss: 0.1928]
[Epoch 139/300] [D loss: 0.4058] [G loss: 1.3761] [Validity_loss: 0.4064] 
 [Stat_loss: 0.7391] [NNZ_loss: 0.2306]
[Epoch 140/300] [D loss: 0.4504] [G loss: 1.3926] [Validity_loss: 0.3898] 
 [Stat_loss: 0.7257] [NNZ_loss: 0.2772]
[Epoch 141/300] [D loss: 0.4932] [G loss: 1.3323] [Validity_loss: 0.3711] 
 [Stat_loss: 0.7183] [NNZ_loss: 0.2429]
Model and statistics saved to models/temp_noflip_300.pt
[Epoch 142/300] [D loss: 0.4453] [G loss: 1.3099] [Validity_loss: 0.4007] 
 [Stat_loss: 0.7063] [NNZ_loss: 0.2028]
[Epoch 143/300] [D loss: 0.4114] [G loss: 1.2896] [Validity_loss: 0.3798] 
 [Stat_loss: 0.6784] [NNZ_loss: 0.2314]
[Epoch 144/300] [D loss: 0.4469] [G loss: 1.2491] [Validity_loss: 0.3637] 
 [Stat_loss: 0.6828] [NNZ_loss: 0.2026]
[Epoch 145/300] [D loss: 0.4624] [G loss: 1.2710] [Validity_loss: 0.3513] 
 [Stat_loss: 0.7045] [NNZ_loss: 0.2153]
[Epoch 146/300] [D loss: 0.4521] [G loss: 1.4064] [Validity_loss: 0.4374] 
 [Stat_loss: 0.7324] [NNZ_loss: 0.2365]
[Epoch 147/300] [D loss: 0.3842] [G loss: 1.3095] [Validity_loss: 0.3930] 
 [Stat_loss: 0.7033] [NNZ_loss: 0.2132]
[Epoch 148/300] [D loss: 0.4581] [G loss: 1.3636] [Validity_loss: 0.3815] 
 [Stat_loss: 0.7464] [NNZ_loss: 0.2357]
[Epoch 149/300] [D loss: 0.4281] [G loss: 1.3152] [Validity_loss: 0.3849] 
 [Stat_loss: 0.6867] [NNZ_loss: 0.2436]
[Epoch 150/300] [D loss: 0.4240] [G loss: 1.3575] [Validity_loss: 0.3717] 
 [Stat_loss: 0.7504] [NNZ_loss: 0.2354]
[Epoch 151/300] [D loss: 0.4671] [G loss: 1.3528] [Validity_loss: 0.3949] 
 [Stat_loss: 0.7079] [NNZ_loss: 0.2501]
Model and statistics saved to models/temp_noflip_300.pt
[Epoch 152/300] [D loss: 0.4293] [G loss: 1.3262] [Validity_loss: 0.3820] 
 [Stat_loss: 0.6848] [NNZ_loss: 0.2595]
[Epoch 153/300] [D loss: 0.4503] [G loss: 1.3538] [Validity_loss: 0.3805] 
 [Stat_loss: 0.7152] [NNZ_loss: 0.2582]
[Epoch 154/300] [D loss: 0.4806] [G loss: 1.2799] [Validity_loss: 0.3512] 
 [Stat_loss: 0.7262] [NNZ_loss: 0.2025]
[Epoch 155/300] [D loss: 0.5209] [G loss: 1.3746] [Validity_loss: 0.4006] 
 [Stat_loss: 0.7120] [NNZ_loss: 0.2620]
[Epoch 156/300] [D loss: 0.3844] [G loss: 1.3112] [Validity_loss: 0.4040] 
 [Stat_loss: 0.6880] [NNZ_loss: 0.2192]
[Epoch 157/300] [D loss: 0.4650] [G loss: 1.3290] [Validity_loss: 0.3877] 
 [Stat_loss: 0.6932] [NNZ_loss: 0.2481]
[Epoch 158/300] [D loss: 0.3660] [G loss: 1.3339] [Validity_loss: 0.4003] 
 [Stat_loss: 0.6943] [NNZ_loss: 0.2392]
[Epoch 159/300] [D loss: 0.4020] [G loss: 1.3432] [Validity_loss: 0.3868] 
 [Stat_loss: 0.7321] [NNZ_loss: 0.2242]
[Epoch 160/300] [D loss: 0.4350] [G loss: 1.3216] [Validity_loss: 0.3745] 
 [Stat_loss: 0.7263] [NNZ_loss: 0.2208]
[Epoch 161/300] [D loss: 0.4656] [G loss: 1.3214] [Validity_loss: 0.3616] 
 [Stat_loss: 0.7309] [NNZ_loss: 0.2289]
Model and statistics saved to models/temp_noflip_300.pt
[Epoch 162/300] [D loss: 0.4353] [G loss: 1.3051] [Validity_loss: 0.4062] 
 [Stat_loss: 0.6920] [NNZ_loss: 0.2070]
[Epoch 163/300] [D loss: 0.3931] [G loss: 1.2934] [Validity_loss: 0.3857] 
 [Stat_loss: 0.6991] [NNZ_loss: 0.2086]
[Epoch 164/300] [D loss: 0.4744] [G loss: 1.3143] [Validity_loss: 0.4026] 
 [Stat_loss: 0.6889] [NNZ_loss: 0.2228]
[Epoch 165/300] [D loss: 0.4326] [G loss: 1.3533] [Validity_loss: 0.3527] 
 [Stat_loss: 0.7470] [NNZ_loss: 0.2536]
[Epoch 166/300] [D loss: 0.4642] [G loss: 1.3600] [Validity_loss: 0.3747] 
 [Stat_loss: 0.7339] [NNZ_loss: 0.2514]
[Epoch 167/300] [D loss: 0.4283] [G loss: 1.4048] [Validity_loss: 0.4123] 
 [Stat_loss: 0.7388] [NNZ_loss: 0.2537]
[Epoch 168/300] [D loss: 0.3867] [G loss: 1.3666] [Validity_loss: 0.3897] 
 [Stat_loss: 0.7275] [NNZ_loss: 0.2493]
[Epoch 169/300] [D loss: 0.3993] [G loss: 1.2949] [Validity_loss: 0.3685] 
 [Stat_loss: 0.7149] [NNZ_loss: 0.2115]
[Epoch 170/300] [D loss: 0.3921] [G loss: 1.3667] [Validity_loss: 0.3900] 
 [Stat_loss: 0.7525] [NNZ_loss: 0.2242]
[Epoch 171/300] [D loss: 0.4132] [G loss: 1.3636] [Validity_loss: 0.4039] 
 [Stat_loss: 0.7128] [NNZ_loss: 0.2469]
Model and statistics saved to models/temp_noflip_300.pt
[Epoch 172/300] [D loss: 0.4289] [G loss: 1.3119] [Validity_loss: 0.3927] 
 [Stat_loss: 0.6966] [NNZ_loss: 0.2227]
[Epoch 173/300] [D loss: 0.4384] [G loss: 1.3736] [Validity_loss: 0.4266] 
 [Stat_loss: 0.7156] [NNZ_loss: 0.2314]
[Epoch 174/300] [D loss: 0.4145] [G loss: 1.3428] [Validity_loss: 0.4034] 
 [Stat_loss: 0.7215] [NNZ_loss: 0.2179]
[Epoch 175/300] [D loss: 0.4428] [G loss: 1.3980] [Validity_loss: 0.4153] 
 [Stat_loss: 0.7393] [NNZ_loss: 0.2433]
[Epoch 176/300] [D loss: 0.4081] [G loss: 1.4485] [Validity_loss: 0.4019] 
 [Stat_loss: 0.7451] [NNZ_loss: 0.3016]
[Epoch 177/300] [D loss: 0.4378] [G loss: 1.4207] [Validity_loss: 0.4147] 
 [Stat_loss: 0.7165] [NNZ_loss: 0.2895]
[Epoch 178/300] [D loss: 0.4193] [G loss: 1.3857] [Validity_loss: 0.4012] 
 [Stat_loss: 0.6944] [NNZ_loss: 0.2901]
[Epoch 179/300] [D loss: 0.4299] [G loss: 1.3095] [Validity_loss: 0.3652] 
 [Stat_loss: 0.7240] [NNZ_loss: 0.2203]
[Epoch 180/300] [D loss: 0.4677] [G loss: 1.3821] [Validity_loss: 0.4033] 
 [Stat_loss: 0.7233] [NNZ_loss: 0.2555]
[Epoch 181/300] [D loss: 0.4294] [G loss: 1.3384] [Validity_loss: 0.3951] 
 [Stat_loss: 0.6998] [NNZ_loss: 0.2436]
Model and statistics saved to models/temp_noflip_300.pt
[Epoch 182/300] [D loss: 0.3769] [G loss: 1.2933] [Validity_loss: 0.4077] 
 [Stat_loss: 0.6703] [NNZ_loss: 0.2153]
[Epoch 183/300] [D loss: 0.4431] [G loss: 1.3522] [Validity_loss: 0.3878] 
 [Stat_loss: 0.7527] [NNZ_loss: 0.2117]
[Epoch 184/300] [D loss: 0.4505] [G loss: 1.3107] [Validity_loss: 0.4143] 
 [Stat_loss: 0.6829] [NNZ_loss: 0.2135]
[Epoch 185/300] [D loss: 0.3954] [G loss: 1.3598] [Validity_loss: 0.3943] 
 [Stat_loss: 0.7057] [NNZ_loss: 0.2598]
[Epoch 186/300] [D loss: 0.4444] [G loss: 1.3034] [Validity_loss: 0.3840] 
 [Stat_loss: 0.6913] [NNZ_loss: 0.2281]
[Epoch 187/300] [D loss: 0.4046] [G loss: 1.3682] [Validity_loss: 0.4140] 
 [Stat_loss: 0.7293] [NNZ_loss: 0.2248]
[Epoch 188/300] [D loss: 0.3846] [G loss: 1.3546] [Validity_loss: 0.3856] 
 [Stat_loss: 0.7265] [NNZ_loss: 0.2425]
[Epoch 189/300] [D loss: 0.4212] [G loss: 1.3941] [Validity_loss: 0.4369] 
 [Stat_loss: 0.7217] [NNZ_loss: 0.2355]
[Epoch 190/300] [D loss: 0.4057] [G loss: 1.3168] [Validity_loss: 0.3970] 
 [Stat_loss: 0.7012] [NNZ_loss: 0.2185]
[Epoch 191/300] [D loss: 0.4502] [G loss: 1.2998] [Validity_loss: 0.3656] 
 [Stat_loss: 0.7171] [NNZ_loss: 0.2172]
Model and statistics saved to models/temp_noflip_300.pt
[Epoch 192/300] [D loss: 0.4666] [G loss: 1.3697] [Validity_loss: 0.4131] 
 [Stat_loss: 0.7219] [NNZ_loss: 0.2347]
[Epoch 193/300] [D loss: 0.4198] [G loss: 1.3421] [Validity_loss: 0.3834] 
 [Stat_loss: 0.7144] [NNZ_loss: 0.2443]
[Epoch 194/300] [D loss: 0.4070] [G loss: 1.3176] [Validity_loss: 0.3724] 
 [Stat_loss: 0.7098] [NNZ_loss: 0.2354]
[Epoch 195/300] [D loss: 0.4435] [G loss: 1.3338] [Validity_loss: 0.4050] 
 [Stat_loss: 0.6917] [NNZ_loss: 0.2372]
[Epoch 196/300] [D loss: 0.4562] [G loss: 1.3095] [Validity_loss: 0.3781] 
 [Stat_loss: 0.7060] [NNZ_loss: 0.2254]
[Epoch 197/300] [D loss: 0.4212] [G loss: 1.3543] [Validity_loss: 0.4127] 
 [Stat_loss: 0.7145] [NNZ_loss: 0.2270]
[Epoch 198/300] [D loss: 0.4220] [G loss: 1.3182] [Validity_loss: 0.3931] 
 [Stat_loss: 0.6854] [NNZ_loss: 0.2397]
[Epoch 199/300] [D loss: 0.4280] [G loss: 1.4144] [Validity_loss: 0.4096] 
 [Stat_loss: 0.7393] [NNZ_loss: 0.2655]
[Epoch 200/300] [D loss: 0.4241] [G loss: 1.4091] [Validity_loss: 0.4321] 
 [Stat_loss: 0.7358] [NNZ_loss: 0.2412]
[Epoch 201/300] [D loss: 0.4363] [G loss: 1.3141] [Validity_loss: 0.4320] 
 [Stat_loss: 0.6778] [NNZ_loss: 0.2043]
Model and statistics saved to models/temp_noflip_300.pt
[Epoch 202/300] [D loss: 0.4725] [G loss: 1.3505] [Validity_loss: 0.3994] 
 [Stat_loss: 0.6891] [NNZ_loss: 0.2620]
[Epoch 203/300] [D loss: 0.4131] [G loss: 1.3669] [Validity_loss: 0.4336] 
 [Stat_loss: 0.6923] [NNZ_loss: 0.2409]
[Epoch 204/300] [D loss: 0.4104] [G loss: 1.3325] [Validity_loss: 0.3504] 
 [Stat_loss: 0.7197] [NNZ_loss: 0.2624]
[Epoch 205/300] [D loss: 0.4433] [G loss: 1.3151] [Validity_loss: 0.4214] 
 [Stat_loss: 0.6777] [NNZ_loss: 0.2160]
[Epoch 206/300] [D loss: 0.4477] [G loss: 1.3455] [Validity_loss: 0.3976] 
 [Stat_loss: 0.7160] [NNZ_loss: 0.2320]
[Epoch 207/300] [D loss: 0.4187] [G loss: 1.3484] [Validity_loss: 0.4115] 
 [Stat_loss: 0.6944] [NNZ_loss: 0.2426]
[Epoch 208/300] [D loss: 0.4560] [G loss: 1.3436] [Validity_loss: 0.4034] 
 [Stat_loss: 0.7274] [NNZ_loss: 0.2128]
[Epoch 209/300] [D loss: 0.4730] [G loss: 1.4244] [Validity_loss: 0.4031] 
 [Stat_loss: 0.7713] [NNZ_loss: 0.2500]
[Epoch 210/300] [D loss: 0.4526] [G loss: 1.4831] [Validity_loss: 0.4280] 
 [Stat_loss: 0.7560] [NNZ_loss: 0.2991]
[Epoch 211/300] [D loss: 0.4591] [G loss: 1.3535] [Validity_loss: 0.4037] 
 [Stat_loss: 0.7093] [NNZ_loss: 0.2406]
Model and statistics saved to models/temp_noflip_300.pt
[Epoch 212/300] [D loss: 0.3863] [G loss: 1.4114] [Validity_loss: 0.4419] 
 [Stat_loss: 0.6944] [NNZ_loss: 0.2751]
[Epoch 213/300] [D loss: 0.4295] [G loss: 1.3825] [Validity_loss: 0.4014] 
 [Stat_loss: 0.7263] [NNZ_loss: 0.2548]
[Epoch 214/300] [D loss: 0.3953] [G loss: 1.4040] [Validity_loss: 0.3972] 
 [Stat_loss: 0.7358] [NNZ_loss: 0.2710]
[Epoch 215/300] [D loss: 0.4220] [G loss: 1.4044] [Validity_loss: 0.4228] 
 [Stat_loss: 0.7380] [NNZ_loss: 0.2436]
[Epoch 216/300] [D loss: 0.4374] [G loss: 1.4000] [Validity_loss: 0.3952] 
 [Stat_loss: 0.7536] [NNZ_loss: 0.2512]
[Epoch 217/300] [D loss: 0.4234] [G loss: 1.3734] [Validity_loss: 0.4395] 
 [Stat_loss: 0.7226] [NNZ_loss: 0.2112]
[Epoch 218/300] [D loss: 0.3675] [G loss: 1.3246] [Validity_loss: 0.4108] 
 [Stat_loss: 0.6517] [NNZ_loss: 0.2621]
[Epoch 219/300] [D loss: 0.4310] [G loss: 1.3755] [Validity_loss: 0.3928] 
 [Stat_loss: 0.7140] [NNZ_loss: 0.2687]
[Epoch 220/300] [D loss: 0.4326] [G loss: 1.3151] [Validity_loss: 0.3819] 
 [Stat_loss: 0.7204] [NNZ_loss: 0.2127]
[Epoch 221/300] [D loss: 0.3865] [G loss: 1.3011] [Validity_loss: 0.4086] 
 [Stat_loss: 0.6507] [NNZ_loss: 0.2418]
Model and statistics saved to models/temp_noflip_300.pt
[Epoch 222/300] [D loss: 0.4388] [G loss: 1.3197] [Validity_loss: 0.3883] 
 [Stat_loss: 0.6598] [NNZ_loss: 0.2716]
[Epoch 223/300] [D loss: 0.4289] [G loss: 1.3413] [Validity_loss: 0.4286] 
 [Stat_loss: 0.7061] [NNZ_loss: 0.2067]
[Epoch 224/300] [D loss: 0.4396] [G loss: 1.4157] [Validity_loss: 0.4364] 
 [Stat_loss: 0.7151] [NNZ_loss: 0.2643]
[Epoch 225/300] [D loss: 0.3860] [G loss: 1.3828] [Validity_loss: 0.3859] 
 [Stat_loss: 0.7243] [NNZ_loss: 0.2726]
[Epoch 226/300] [D loss: 0.4224] [G loss: 1.3749] [Validity_loss: 0.4023] 
 [Stat_loss: 0.7233] [NNZ_loss: 0.2494]
[Epoch 227/300] [D loss: 0.4256] [G loss: 1.3718] [Validity_loss: 0.4116] 
 [Stat_loss: 0.7090] [NNZ_loss: 0.2512]
[Epoch 228/300] [D loss: 0.4250] [G loss: 1.3756] [Validity_loss: 0.4081] 
 [Stat_loss: 0.7107] [NNZ_loss: 0.2568]
[Epoch 229/300] [D loss: 0.3952] [G loss: 1.4198] [Validity_loss: 0.3899] 
 [Stat_loss: 0.7459] [NNZ_loss: 0.2840]
[Epoch 230/300] [D loss: 0.3770] [G loss: 1.3385] [Validity_loss: 0.3979] 
 [Stat_loss: 0.7092] [NNZ_loss: 0.2315]
[Epoch 231/300] [D loss: 0.3796] [G loss: 1.3464] [Validity_loss: 0.4057] 
 [Stat_loss: 0.7364] [NNZ_loss: 0.2044]
Model and statistics saved to models/temp_noflip_300.pt
[Epoch 232/300] [D loss: 0.4135] [G loss: 1.3258] [Validity_loss: 0.4045] 
 [Stat_loss: 0.7047] [NNZ_loss: 0.2167]
[Epoch 233/300] [D loss: 0.4280] [G loss: 1.3374] [Validity_loss: 0.3826] 
 [Stat_loss: 0.6954] [NNZ_loss: 0.2594]
[Epoch 234/300] [D loss: 0.4382] [G loss: 1.4287] [Validity_loss: 0.4440] 
 [Stat_loss: 0.7388] [NNZ_loss: 0.2459]
[Epoch 235/300] [D loss: 0.3815] [G loss: 1.3970] [Validity_loss: 0.4008] 
 [Stat_loss: 0.7192] [NNZ_loss: 0.2770]
[Epoch 236/300] [D loss: 0.4636] [G loss: 1.3480] [Validity_loss: 0.3572] 
 [Stat_loss: 0.7183] [NNZ_loss: 0.2725]
[Epoch 237/300] [D loss: 0.3847] [G loss: 1.2785] [Validity_loss: 0.3766] 
 [Stat_loss: 0.6729] [NNZ_loss: 0.2289]
[Epoch 238/300] [D loss: 0.4287] [G loss: 1.3753] [Validity_loss: 0.3935] 
 [Stat_loss: 0.7200] [NNZ_loss: 0.2618]
[Epoch 239/300] [D loss: 0.3990] [G loss: 1.3625] [Validity_loss: 0.3948] 
 [Stat_loss: 0.7365] [NNZ_loss: 0.2312]
[Epoch 240/300] [D loss: 0.4396] [G loss: 1.3486] [Validity_loss: 0.3907] 
 [Stat_loss: 0.7138] [NNZ_loss: 0.2441]
[Epoch 241/300] [D loss: 0.4138] [G loss: 1.4398] [Validity_loss: 0.4253] 
 [Stat_loss: 0.7415] [NNZ_loss: 0.2730]
Model and statistics saved to models/temp_noflip_300.pt
[Epoch 242/300] [D loss: 0.3980] [G loss: 1.3329] [Validity_loss: 0.4335] 
 [Stat_loss: 0.6871] [NNZ_loss: 0.2123]
[Epoch 243/300] [D loss: 0.4705] [G loss: 1.3752] [Validity_loss: 0.4148] 
 [Stat_loss: 0.7163] [NNZ_loss: 0.2441]
[Epoch 244/300] [D loss: 0.4803] [G loss: 1.3178] [Validity_loss: 0.3973] 
 [Stat_loss: 0.7183] [NNZ_loss: 0.2021]
[Epoch 245/300] [D loss: 0.3960] [G loss: 1.3318] [Validity_loss: 0.4252] 
 [Stat_loss: 0.6718] [NNZ_loss: 0.2349]
[Epoch 246/300] [D loss: 0.3950] [G loss: 1.3885] [Validity_loss: 0.3850] 
 [Stat_loss: 0.7395] [NNZ_loss: 0.2640]
[Epoch 247/300] [D loss: 0.4098] [G loss: 1.3744] [Validity_loss: 0.4278] 
 [Stat_loss: 0.7308] [NNZ_loss: 0.2158]
[Epoch 248/300] [D loss: 0.4113] [G loss: 1.3924] [Validity_loss: 0.4302] 
 [Stat_loss: 0.6887] [NNZ_loss: 0.2735]
[Epoch 249/300] [D loss: 0.4321] [G loss: 1.3855] [Validity_loss: 0.4306] 
 [Stat_loss: 0.7199] [NNZ_loss: 0.2350]
[Epoch 250/300] [D loss: 0.4347] [G loss: 1.3292] [Validity_loss: 0.3500] 
 [Stat_loss: 0.7200] [NNZ_loss: 0.2592]
[Epoch 251/300] [D loss: 0.4509] [G loss: 1.3281] [Validity_loss: 0.4113] 
 [Stat_loss: 0.6960] [NNZ_loss: 0.2208]
Model and statistics saved to models/temp_noflip_300.pt
[Epoch 252/300] [D loss: 0.3595] [G loss: 1.3769] [Validity_loss: 0.4141] 
 [Stat_loss: 0.7231] [NNZ_loss: 0.2398]
[Epoch 253/300] [D loss: 0.4129] [G loss: 1.2936] [Validity_loss: 0.3916] 
 [Stat_loss: 0.6818] [NNZ_loss: 0.2201]
[Epoch 254/300] [D loss: 0.4138] [G loss: 1.4015] [Validity_loss: 0.4446] 
 [Stat_loss: 0.6949] [NNZ_loss: 0.2620]
[Epoch 255/300] [D loss: 0.3899] [G loss: 1.4533] [Validity_loss: 0.4362] 
 [Stat_loss: 0.7433] [NNZ_loss: 0.2738]
[Epoch 256/300] [D loss: 0.4445] [G loss: 1.3974] [Validity_loss: 0.4249] 
 [Stat_loss: 0.7163] [NNZ_loss: 0.2562]
[Epoch 257/300] [D loss: 0.4098] [G loss: 1.3748] [Validity_loss: 0.4194] 
 [Stat_loss: 0.7164] [NNZ_loss: 0.2390]
[Epoch 258/300] [D loss: 0.3883] [G loss: 1.3941] [Validity_loss: 0.4530] 
 [Stat_loss: 0.7174] [NNZ_loss: 0.2238]
